[2025-10-08T08:55:25.218+0000] {local_task_job_runner.py:120} INFO - ::group::Pre task execution logs
[2025-10-08T08:55:25.259+0000] {taskinstance.py:2076} INFO - Dependencies all met for dep_context=non-requeueable deps ti=<TaskInstance: etl_banking_dag.run_schema_js manual__2025-10-08T08:55:19.817252+00:00 [queued]>
[2025-10-08T08:55:25.267+0000] {taskinstance.py:2076} INFO - Dependencies all met for dep_context=requeueable deps ti=<TaskInstance: etl_banking_dag.run_schema_js manual__2025-10-08T08:55:19.817252+00:00 [queued]>
[2025-10-08T08:55:25.268+0000] {taskinstance.py:2306} INFO - Starting attempt 1 of 1
[2025-10-08T08:55:25.290+0000] {taskinstance.py:2330} INFO - Executing <Task(DockerOperator): run_schema_js> on 2025-10-08 08:55:19.817252+00:00
[2025-10-08T08:55:25.311+0000] {warnings.py:112} WARNING - /home/***/.local/lib/python3.12/site-packages/***/task/task_runner/standard_task_runner.py:61: DeprecationWarning: This process (pid=105) is multi-threaded, use of fork() may lead to deadlocks in the child.
  pid = os.fork()

[2025-10-08T08:55:25.317+0000] {standard_task_runner.py:63} INFO - Started process 108 to run task
[2025-10-08T08:55:25.314+0000] {standard_task_runner.py:90} INFO - Running: ['***', 'tasks', 'run', 'etl_banking_dag', 'run_schema_js', 'manual__2025-10-08T08:55:19.817252+00:00', '--job-id', '8', '--raw', '--subdir', 'DAGS_FOLDER/etl_banking_dag.py', '--cfg-path', '/tmp/tmpi9bughf2']
[2025-10-08T08:55:25.332+0000] {standard_task_runner.py:91} INFO - Job 8: Subtask run_schema_js
[2025-10-08T08:55:25.706+0000] {task_command.py:426} INFO - Running <TaskInstance: etl_banking_dag.run_schema_js manual__2025-10-08T08:55:19.817252+00:00 [running]> on host b3753ed74898
[2025-10-08T08:55:26.006+0000] {taskinstance.py:2648} INFO - Exporting env vars: AIRFLOW_CTX_DAG_OWNER='***' AIRFLOW_CTX_DAG_ID='etl_banking_dag' AIRFLOW_CTX_TASK_ID='run_schema_js' AIRFLOW_CTX_EXECUTION_DATE='2025-10-08T08:55:19.817252+00:00' AIRFLOW_CTX_TRY_NUMBER='1' AIRFLOW_CTX_DAG_RUN_ID='manual__2025-10-08T08:55:19.817252+00:00'
[2025-10-08T08:55:26.028+0000] {taskinstance.py:430} INFO - ::endgroup::
[2025-10-08T08:55:26.297+0000] {docker.py:366} INFO - Starting docker container from image etl-mysql:latest
[2025-10-08T08:55:26.517+0000] {docker.py:374} WARNING - Using remote engine or docker-in-docker and mounting temporary volume from host is not supported. Falling back to `mount_tmp_dir=False` mode. You can set `mount_tmp_dir` parameter to False to disable mounting and remove the warning
[2025-10-08T08:55:28.789+0000] {docker.py:436} INFO - Connected to MySQL server.
[2025-10-08T08:55:29.005+0000] {docker.py:436} INFO - Database db_source created.
[2025-10-08T08:55:29.158+0000] {docker.py:436} INFO - Tables for db_source created.
[2025-10-08T08:55:29.268+0000] {docker.py:436} INFO - Database db_datawarehouse created.
[2025-10-08T08:55:29.559+0000] {docker.py:436} INFO - Tables for db_datawarehouse created.
[2025-10-08T08:55:29.563+0000] {docker.py:436} INFO - Setup connection closed.
[2025-10-08T08:55:29.954+0000] {taskinstance.py:441} INFO - ::group::Post task execution logs
[2025-10-08T08:55:30.014+0000] {taskinstance.py:1206} INFO - Marking task as SUCCESS. dag_id=etl_banking_dag, task_id=run_schema_js, run_id=manual__2025-10-08T08:55:19.817252+00:00, execution_date=20251008T085519, start_date=20251008T085525, end_date=20251008T085530
[2025-10-08T08:55:30.097+0000] {local_task_job_runner.py:240} INFO - Task exited with return code 0
[2025-10-08T08:55:30.126+0000] {local_task_job_runner.py:222} INFO - ::endgroup::
