[2025-10-08T08:55:35.990+0000] {local_task_job_runner.py:120} INFO - ::group::Pre task execution logs
[2025-10-08T08:55:36.014+0000] {taskinstance.py:2076} INFO - Dependencies all met for dep_context=non-requeueable deps ti=<TaskInstance: etl_banking_dag.run_seed_js manual__2025-10-08T08:55:19.817252+00:00 [queued]>
[2025-10-08T08:55:36.024+0000] {taskinstance.py:2076} INFO - Dependencies all met for dep_context=requeueable deps ti=<TaskInstance: etl_banking_dag.run_seed_js manual__2025-10-08T08:55:19.817252+00:00 [queued]>
[2025-10-08T08:55:36.025+0000] {taskinstance.py:2306} INFO - Starting attempt 1 of 1
[2025-10-08T08:55:36.038+0000] {taskinstance.py:2330} INFO - Executing <Task(DockerOperator): run_seed_js> on 2025-10-08 08:55:19.817252+00:00
[2025-10-08T08:55:36.047+0000] {warnings.py:112} WARNING - /home/***/.local/lib/python3.12/site-packages/***/task/task_runner/standard_task_runner.py:61: DeprecationWarning: This process (pid=111) is multi-threaded, use of fork() may lead to deadlocks in the child.
  pid = os.fork()

[2025-10-08T08:55:36.048+0000] {standard_task_runner.py:63} INFO - Started process 117 to run task
[2025-10-08T08:55:36.049+0000] {standard_task_runner.py:90} INFO - Running: ['***', 'tasks', 'run', 'etl_banking_dag', 'run_seed_js', 'manual__2025-10-08T08:55:19.817252+00:00', '--job-id', '11', '--raw', '--subdir', 'DAGS_FOLDER/etl_banking_dag.py', '--cfg-path', '/tmp/tmppjvk0q3s']
[2025-10-08T08:55:36.052+0000] {standard_task_runner.py:91} INFO - Job 11: Subtask run_seed_js
[2025-10-08T08:55:36.253+0000] {task_command.py:426} INFO - Running <TaskInstance: etl_banking_dag.run_seed_js manual__2025-10-08T08:55:19.817252+00:00 [running]> on host b3753ed74898
[2025-10-08T08:55:36.645+0000] {taskinstance.py:2648} INFO - Exporting env vars: AIRFLOW_CTX_DAG_OWNER='***' AIRFLOW_CTX_DAG_ID='etl_banking_dag' AIRFLOW_CTX_TASK_ID='run_seed_js' AIRFLOW_CTX_EXECUTION_DATE='2025-10-08T08:55:19.817252+00:00' AIRFLOW_CTX_TRY_NUMBER='1' AIRFLOW_CTX_DAG_RUN_ID='manual__2025-10-08T08:55:19.817252+00:00'
[2025-10-08T08:55:36.691+0000] {taskinstance.py:430} INFO - ::endgroup::
[2025-10-08T08:55:36.944+0000] {docker.py:366} INFO - Starting docker container from image etl-mysql:latest
[2025-10-08T08:55:36.971+0000] {docker.py:374} WARNING - Using remote engine or docker-in-docker and mounting temporary volume from host is not supported. Falling back to `mount_tmp_dir=False` mode. You can set `mount_tmp_dir` parameter to False to disable mounting and remove the warning
[2025-10-08T08:55:38.049+0000] {docker.py:436} INFO - Connected to db_source for seeding.
[2025-10-08T08:55:38.062+0000] {docker.py:436} INFO - Error seeding database: Duplicate entry '101' for key 'customers.PRIMARY'
[2025-10-08T08:55:38.066+0000] {docker.py:436} INFO - Seeding connection closed.
[2025-10-08T08:55:38.375+0000] {taskinstance.py:441} INFO - ::group::Post task execution logs
[2025-10-08T08:55:38.427+0000] {taskinstance.py:1206} INFO - Marking task as SUCCESS. dag_id=etl_banking_dag, task_id=run_seed_js, run_id=manual__2025-10-08T08:55:19.817252+00:00, execution_date=20251008T085519, start_date=20251008T085536, end_date=20251008T085538
[2025-10-08T08:55:38.480+0000] {local_task_job_runner.py:240} INFO - Task exited with return code 0
[2025-10-08T08:55:38.528+0000] {taskinstance.py:3503} INFO - 1 downstream tasks scheduled from follow-on schedule check
[2025-10-08T08:55:38.531+0000] {local_task_job_runner.py:222} INFO - ::endgroup::
