[2025-10-08T08:44:33.507+0000] {local_task_job_runner.py:120} INFO - ::group::Pre task execution logs
[2025-10-08T08:44:33.596+0000] {taskinstance.py:2076} INFO - Dependencies all met for dep_context=non-requeueable deps ti=<TaskInstance: etl_banking_dag.run_schema_js manual__2025-10-08T08:44:17.048534+00:00 [queued]>
[2025-10-08T08:44:33.611+0000] {taskinstance.py:2076} INFO - Dependencies all met for dep_context=requeueable deps ti=<TaskInstance: etl_banking_dag.run_schema_js manual__2025-10-08T08:44:17.048534+00:00 [queued]>
[2025-10-08T08:44:33.612+0000] {taskinstance.py:2306} INFO - Starting attempt 1 of 1
[2025-10-08T08:44:33.633+0000] {taskinstance.py:2330} INFO - Executing <Task(DockerOperator): run_schema_js> on 2025-10-08 08:44:17.048534+00:00
[2025-10-08T08:44:33.679+0000] {warnings.py:112} WARNING - /home/***/.local/lib/python3.12/site-packages/***/task/task_runner/standard_task_runner.py:61: DeprecationWarning: This process (pid=481) is multi-threaded, use of fork() may lead to deadlocks in the child.
  pid = os.fork()

[2025-10-08T08:44:33.715+0000] {standard_task_runner.py:63} INFO - Started process 490 to run task
[2025-10-08T08:44:33.701+0000] {standard_task_runner.py:90} INFO - Running: ['***', 'tasks', 'run', 'etl_banking_dag', 'run_schema_js', 'manual__2025-10-08T08:44:17.048534+00:00', '--job-id', '5', '--raw', '--subdir', 'DAGS_FOLDER/etl_banking_dag.py', '--cfg-path', '/tmp/tmpfuvwwlu6']
[2025-10-08T08:44:33.724+0000] {standard_task_runner.py:91} INFO - Job 5: Subtask run_schema_js
[2025-10-08T08:44:34.015+0000] {task_command.py:426} INFO - Running <TaskInstance: etl_banking_dag.run_schema_js manual__2025-10-08T08:44:17.048534+00:00 [running]> on host 195745145c16
[2025-10-08T08:44:34.169+0000] {taskinstance.py:2648} INFO - Exporting env vars: AIRFLOW_CTX_DAG_OWNER='***' AIRFLOW_CTX_DAG_ID='etl_banking_dag' AIRFLOW_CTX_TASK_ID='run_schema_js' AIRFLOW_CTX_EXECUTION_DATE='2025-10-08T08:44:17.048534+00:00' AIRFLOW_CTX_TRY_NUMBER='1' AIRFLOW_CTX_DAG_RUN_ID='manual__2025-10-08T08:44:17.048534+00:00'
[2025-10-08T08:44:34.173+0000] {taskinstance.py:430} INFO - ::endgroup::
[2025-10-08T08:44:34.181+0000] {docker.py:157} ERROR - Failed to establish connection to Docker host unix://var/run/docker.sock: Error while fetching server API version: ('Connection aborted.', FileNotFoundError(2, 'No such file or directory'))
[2025-10-08T08:44:34.182+0000] {taskinstance.py:441} INFO - ::group::Post task execution logs
[2025-10-08T08:44:34.193+0000] {taskinstance.py:2905} ERROR - Task failed with exception
Traceback (most recent call last):
  File "/home/airflow/.local/lib/python3.12/site-packages/airflow/models/taskinstance.py", line 465, in _execute_task
    result = _execute_callable(context=context, **execute_callable_kwargs)
             ^^^^^^^^^^^^^^^^^^^^^^^^^^^^^^^^^^^^^^^^^^^^^^^^^^^^^^^^^^^^^
  File "/home/airflow/.local/lib/python3.12/site-packages/airflow/models/taskinstance.py", line 432, in _execute_callable
    return execute_callable(context=context, **execute_callable_kwargs)
           ^^^^^^^^^^^^^^^^^^^^^^^^^^^^^^^^^^^^^^^^^^^^^^^^^^^^^^^^^^^^
  File "/home/airflow/.local/lib/python3.12/site-packages/airflow/models/baseoperator.py", line 401, in wrapper
    return func(self, *args, **kwargs)
           ^^^^^^^^^^^^^^^^^^^^^^^^^^^
  File "/home/airflow/.local/lib/python3.12/site-packages/airflow/providers/docker/operators/docker.py", line 492, in execute
    if self.force_pull or not self.cli.images(name=self.image):
                              ^^^^^^^^
  File "/home/airflow/.local/lib/python3.12/site-packages/airflow/providers/docker/operators/docker.py", line 362, in cli
    return self.hook.api_client
           ^^^^^^^^^^^^^^^^^^^^
  File "/usr/local/lib/python3.12/functools.py", line 995, in __get__
    val = self.func(instance)
          ^^^^^^^^^^^^^^^^^^^
  File "/home/airflow/.local/lib/python3.12/site-packages/airflow/providers/docker/hooks/docker.py", line 161, in api_client
    raise AirflowException("Failed to establish connection to any given Docker hosts.")
airflow.exceptions.AirflowException: Failed to establish connection to any given Docker hosts.
[2025-10-08T08:44:34.204+0000] {taskinstance.py:1206} INFO - Marking task as FAILED. dag_id=etl_banking_dag, task_id=run_schema_js, run_id=manual__2025-10-08T08:44:17.048534+00:00, execution_date=20251008T084417, start_date=20251008T084433, end_date=20251008T084434
[2025-10-08T08:44:34.223+0000] {standard_task_runner.py:110} ERROR - Failed to execute job 5 for task run_schema_js (Failed to establish connection to any given Docker hosts.; 490)
[2025-10-08T08:44:34.258+0000] {local_task_job_runner.py:240} INFO - Task exited with return code 1
[2025-10-08T08:44:34.288+0000] {taskinstance.py:3503} INFO - 0 downstream tasks scheduled from follow-on schedule check
[2025-10-08T08:44:34.293+0000] {local_task_job_runner.py:222} INFO - ::endgroup::
