[2025-10-08T08:17:44.282+0000] {processor.py:161} INFO - Started process (PID=1210) to work on /opt/airflow/dags/etl_banking_dag.py
[2025-10-08T08:17:44.284+0000] {processor.py:830} INFO - Processing file /opt/airflow/dags/etl_banking_dag.py for tasks to queue
[2025-10-08T08:17:44.288+0000] {logging_mixin.py:188} INFO - [2025-10-08T08:17:44.288+0000] {dagbag.py:545} INFO - Filling up the DagBag from /opt/airflow/dags/etl_banking_dag.py
[2025-10-08T08:17:44.405+0000] {processor.py:840} INFO - DAG(s) 'etl_banking_dag' retrieved from /opt/airflow/dags/etl_banking_dag.py
[2025-10-08T08:17:44.889+0000] {logging_mixin.py:188} INFO - [2025-10-08T08:17:44.888+0000] {override.py:1829} INFO - Created Permission View: can delete on DAG:etl_banking_dag
[2025-10-08T08:17:44.910+0000] {logging_mixin.py:188} INFO - [2025-10-08T08:17:44.910+0000] {override.py:1829} INFO - Created Permission View: can edit on DAG:etl_banking_dag
[2025-10-08T08:17:44.927+0000] {logging_mixin.py:188} INFO - [2025-10-08T08:17:44.926+0000] {override.py:1829} INFO - Created Permission View: can read on DAG:etl_banking_dag
[2025-10-08T08:17:44.933+0000] {logging_mixin.py:188} INFO - [2025-10-08T08:17:44.932+0000] {dag.py:3096} INFO - Sync 1 DAGs
[2025-10-08T08:17:44.960+0000] {logging_mixin.py:188} INFO - [2025-10-08T08:17:44.959+0000] {dag.py:3118} INFO - Creating ORM DAG for etl_banking_dag
[2025-10-08T08:17:44.965+0000] {logging_mixin.py:188} INFO - [2025-10-08T08:17:44.965+0000] {dag.py:3954} INFO - Setting next_dagrun for etl_banking_dag to None, run_after=None
[2025-10-08T08:17:45.048+0000] {processor.py:183} INFO - Processing /opt/airflow/dags/etl_banking_dag.py took 0.777 seconds
[2025-10-08T08:18:15.296+0000] {processor.py:161} INFO - Started process (PID=1269) to work on /opt/airflow/dags/etl_banking_dag.py
[2025-10-08T08:18:15.299+0000] {processor.py:830} INFO - Processing file /opt/airflow/dags/etl_banking_dag.py for tasks to queue
[2025-10-08T08:18:15.304+0000] {logging_mixin.py:188} INFO - [2025-10-08T08:18:15.304+0000] {dagbag.py:545} INFO - Filling up the DagBag from /opt/airflow/dags/etl_banking_dag.py
[2025-10-08T08:18:15.380+0000] {processor.py:840} INFO - DAG(s) 'etl_banking_dag' retrieved from /opt/airflow/dags/etl_banking_dag.py
[2025-10-08T08:18:15.408+0000] {logging_mixin.py:188} INFO - [2025-10-08T08:18:15.408+0000] {dag.py:3096} INFO - Sync 1 DAGs
[2025-10-08T08:18:15.429+0000] {logging_mixin.py:188} INFO - [2025-10-08T08:18:15.429+0000] {dag.py:3954} INFO - Setting next_dagrun for etl_banking_dag to None, run_after=None
[2025-10-08T08:18:15.481+0000] {processor.py:183} INFO - Processing /opt/airflow/dags/etl_banking_dag.py took 0.198 seconds
[2025-10-08T08:18:16.460+0000] {processor.py:161} INFO - Started process (PID=1276) to work on /opt/airflow/dags/etl_banking_dag.py
[2025-10-08T08:18:16.463+0000] {processor.py:830} INFO - Processing file /opt/airflow/dags/etl_banking_dag.py for tasks to queue
[2025-10-08T08:18:16.468+0000] {logging_mixin.py:188} INFO - [2025-10-08T08:18:16.467+0000] {dagbag.py:545} INFO - Filling up the DagBag from /opt/airflow/dags/etl_banking_dag.py
[2025-10-08T08:18:16.522+0000] {processor.py:840} INFO - DAG(s) 'etl_banking_dag' retrieved from /opt/airflow/dags/etl_banking_dag.py
[2025-10-08T08:18:16.576+0000] {logging_mixin.py:188} INFO - [2025-10-08T08:18:16.575+0000] {dag.py:3096} INFO - Sync 1 DAGs
[2025-10-08T08:18:16.604+0000] {logging_mixin.py:188} INFO - [2025-10-08T08:18:16.603+0000] {dag.py:3954} INFO - Setting next_dagrun for etl_banking_dag to None, run_after=None
[2025-10-08T08:18:16.663+0000] {processor.py:183} INFO - Processing /opt/airflow/dags/etl_banking_dag.py took 0.219 seconds
[2025-10-08T08:18:47.012+0000] {processor.py:161} INFO - Started process (PID=1335) to work on /opt/airflow/dags/etl_banking_dag.py
[2025-10-08T08:18:47.015+0000] {processor.py:830} INFO - Processing file /opt/airflow/dags/etl_banking_dag.py for tasks to queue
[2025-10-08T08:18:47.023+0000] {logging_mixin.py:188} INFO - [2025-10-08T08:18:47.022+0000] {dagbag.py:545} INFO - Filling up the DagBag from /opt/airflow/dags/etl_banking_dag.py
[2025-10-08T08:18:47.076+0000] {processor.py:840} INFO - DAG(s) 'etl_banking_dag' retrieved from /opt/airflow/dags/etl_banking_dag.py
[2025-10-08T08:18:47.106+0000] {logging_mixin.py:188} INFO - [2025-10-08T08:18:47.106+0000] {dag.py:3096} INFO - Sync 1 DAGs
[2025-10-08T08:18:47.135+0000] {logging_mixin.py:188} INFO - [2025-10-08T08:18:47.135+0000] {dag.py:3954} INFO - Setting next_dagrun for etl_banking_dag to None, run_after=None
[2025-10-08T08:18:47.399+0000] {processor.py:183} INFO - Processing /opt/airflow/dags/etl_banking_dag.py took 0.401 seconds
[2025-10-08T08:19:17.936+0000] {processor.py:161} INFO - Started process (PID=1394) to work on /opt/airflow/dags/etl_banking_dag.py
[2025-10-08T08:19:17.940+0000] {processor.py:830} INFO - Processing file /opt/airflow/dags/etl_banking_dag.py for tasks to queue
[2025-10-08T08:19:17.944+0000] {logging_mixin.py:188} INFO - [2025-10-08T08:19:17.943+0000] {dagbag.py:545} INFO - Filling up the DagBag from /opt/airflow/dags/etl_banking_dag.py
[2025-10-08T08:19:17.989+0000] {processor.py:840} INFO - DAG(s) 'etl_banking_dag' retrieved from /opt/airflow/dags/etl_banking_dag.py
[2025-10-08T08:19:18.022+0000] {logging_mixin.py:188} INFO - [2025-10-08T08:19:18.021+0000] {dag.py:3096} INFO - Sync 1 DAGs
[2025-10-08T08:19:18.041+0000] {logging_mixin.py:188} INFO - [2025-10-08T08:19:18.040+0000] {dag.py:3954} INFO - Setting next_dagrun for etl_banking_dag to None, run_after=None
[2025-10-08T08:19:18.098+0000] {processor.py:183} INFO - Processing /opt/airflow/dags/etl_banking_dag.py took 0.172 seconds
[2025-10-08T08:19:48.658+0000] {processor.py:161} INFO - Started process (PID=1453) to work on /opt/airflow/dags/etl_banking_dag.py
[2025-10-08T08:19:48.660+0000] {processor.py:830} INFO - Processing file /opt/airflow/dags/etl_banking_dag.py for tasks to queue
[2025-10-08T08:19:48.667+0000] {logging_mixin.py:188} INFO - [2025-10-08T08:19:48.665+0000] {dagbag.py:545} INFO - Filling up the DagBag from /opt/airflow/dags/etl_banking_dag.py
[2025-10-08T08:19:48.733+0000] {processor.py:840} INFO - DAG(s) 'etl_banking_dag' retrieved from /opt/airflow/dags/etl_banking_dag.py
[2025-10-08T08:19:48.780+0000] {logging_mixin.py:188} INFO - [2025-10-08T08:19:48.780+0000] {dag.py:3096} INFO - Sync 1 DAGs
[2025-10-08T08:19:48.799+0000] {logging_mixin.py:188} INFO - [2025-10-08T08:19:48.798+0000] {dag.py:3954} INFO - Setting next_dagrun for etl_banking_dag to None, run_after=None
[2025-10-08T08:19:48.851+0000] {processor.py:183} INFO - Processing /opt/airflow/dags/etl_banking_dag.py took 0.208 seconds
[2025-10-08T08:20:19.935+0000] {processor.py:161} INFO - Started process (PID=1512) to work on /opt/airflow/dags/etl_banking_dag.py
[2025-10-08T08:20:19.939+0000] {processor.py:830} INFO - Processing file /opt/airflow/dags/etl_banking_dag.py for tasks to queue
[2025-10-08T08:20:19.945+0000] {logging_mixin.py:188} INFO - [2025-10-08T08:20:19.944+0000] {dagbag.py:545} INFO - Filling up the DagBag from /opt/airflow/dags/etl_banking_dag.py
[2025-10-08T08:20:19.998+0000] {processor.py:840} INFO - DAG(s) 'etl_banking_dag' retrieved from /opt/airflow/dags/etl_banking_dag.py
[2025-10-08T08:20:20.038+0000] {logging_mixin.py:188} INFO - [2025-10-08T08:20:20.037+0000] {dag.py:3096} INFO - Sync 1 DAGs
[2025-10-08T08:20:20.063+0000] {logging_mixin.py:188} INFO - [2025-10-08T08:20:20.062+0000] {dag.py:3954} INFO - Setting next_dagrun for etl_banking_dag to None, run_after=None
[2025-10-08T08:20:20.107+0000] {processor.py:183} INFO - Processing /opt/airflow/dags/etl_banking_dag.py took 0.188 seconds
[2025-10-08T08:20:50.895+0000] {processor.py:161} INFO - Started process (PID=1571) to work on /opt/airflow/dags/etl_banking_dag.py
[2025-10-08T08:20:50.897+0000] {processor.py:830} INFO - Processing file /opt/airflow/dags/etl_banking_dag.py for tasks to queue
[2025-10-08T08:20:50.901+0000] {logging_mixin.py:188} INFO - [2025-10-08T08:20:50.901+0000] {dagbag.py:545} INFO - Filling up the DagBag from /opt/airflow/dags/etl_banking_dag.py
[2025-10-08T08:20:50.952+0000] {processor.py:840} INFO - DAG(s) 'etl_banking_dag' retrieved from /opt/airflow/dags/etl_banking_dag.py
[2025-10-08T08:20:50.994+0000] {logging_mixin.py:188} INFO - [2025-10-08T08:20:50.994+0000] {dag.py:3096} INFO - Sync 1 DAGs
[2025-10-08T08:20:51.252+0000] {logging_mixin.py:188} INFO - [2025-10-08T08:20:51.251+0000] {dag.py:3954} INFO - Setting next_dagrun for etl_banking_dag to None, run_after=None
[2025-10-08T08:20:51.297+0000] {processor.py:183} INFO - Processing /opt/airflow/dags/etl_banking_dag.py took 0.414 seconds
[2025-10-08T08:21:21.649+0000] {processor.py:161} INFO - Started process (PID=1630) to work on /opt/airflow/dags/etl_banking_dag.py
[2025-10-08T08:21:21.653+0000] {processor.py:830} INFO - Processing file /opt/airflow/dags/etl_banking_dag.py for tasks to queue
[2025-10-08T08:21:21.660+0000] {logging_mixin.py:188} INFO - [2025-10-08T08:21:21.660+0000] {dagbag.py:545} INFO - Filling up the DagBag from /opt/airflow/dags/etl_banking_dag.py
[2025-10-08T08:21:21.721+0000] {processor.py:840} INFO - DAG(s) 'etl_banking_dag' retrieved from /opt/airflow/dags/etl_banking_dag.py
[2025-10-08T08:21:21.766+0000] {logging_mixin.py:188} INFO - [2025-10-08T08:21:21.765+0000] {dag.py:3096} INFO - Sync 1 DAGs
[2025-10-08T08:21:21.791+0000] {logging_mixin.py:188} INFO - [2025-10-08T08:21:21.790+0000] {dag.py:3954} INFO - Setting next_dagrun for etl_banking_dag to None, run_after=None
[2025-10-08T08:21:21.858+0000] {processor.py:183} INFO - Processing /opt/airflow/dags/etl_banking_dag.py took 0.223 seconds
[2025-10-08T08:21:52.467+0000] {processor.py:161} INFO - Started process (PID=1689) to work on /opt/airflow/dags/etl_banking_dag.py
[2025-10-08T08:21:52.470+0000] {processor.py:830} INFO - Processing file /opt/airflow/dags/etl_banking_dag.py for tasks to queue
[2025-10-08T08:21:52.474+0000] {logging_mixin.py:188} INFO - [2025-10-08T08:21:52.473+0000] {dagbag.py:545} INFO - Filling up the DagBag from /opt/airflow/dags/etl_banking_dag.py
[2025-10-08T08:21:52.537+0000] {processor.py:840} INFO - DAG(s) 'etl_banking_dag' retrieved from /opt/airflow/dags/etl_banking_dag.py
[2025-10-08T08:21:52.579+0000] {logging_mixin.py:188} INFO - [2025-10-08T08:21:52.578+0000] {dag.py:3096} INFO - Sync 1 DAGs
[2025-10-08T08:21:52.603+0000] {logging_mixin.py:188} INFO - [2025-10-08T08:21:52.603+0000] {dag.py:3954} INFO - Setting next_dagrun for etl_banking_dag to None, run_after=None
[2025-10-08T08:21:52.672+0000] {processor.py:183} INFO - Processing /opt/airflow/dags/etl_banking_dag.py took 0.218 seconds
[2025-10-08T08:22:23.043+0000] {processor.py:161} INFO - Started process (PID=1748) to work on /opt/airflow/dags/etl_banking_dag.py
[2025-10-08T08:22:23.046+0000] {processor.py:830} INFO - Processing file /opt/airflow/dags/etl_banking_dag.py for tasks to queue
[2025-10-08T08:22:23.052+0000] {logging_mixin.py:188} INFO - [2025-10-08T08:22:23.051+0000] {dagbag.py:545} INFO - Filling up the DagBag from /opt/airflow/dags/etl_banking_dag.py
[2025-10-08T08:22:23.117+0000] {processor.py:840} INFO - DAG(s) 'etl_banking_dag' retrieved from /opt/airflow/dags/etl_banking_dag.py
[2025-10-08T08:22:23.173+0000] {logging_mixin.py:188} INFO - [2025-10-08T08:22:23.173+0000] {dag.py:3096} INFO - Sync 1 DAGs
[2025-10-08T08:22:23.205+0000] {logging_mixin.py:188} INFO - [2025-10-08T08:22:23.204+0000] {dag.py:3954} INFO - Setting next_dagrun for etl_banking_dag to None, run_after=None
[2025-10-08T08:22:23.270+0000] {processor.py:183} INFO - Processing /opt/airflow/dags/etl_banking_dag.py took 0.238 seconds
[2025-10-08T08:22:54.008+0000] {processor.py:161} INFO - Started process (PID=1807) to work on /opt/airflow/dags/etl_banking_dag.py
[2025-10-08T08:22:54.011+0000] {processor.py:830} INFO - Processing file /opt/airflow/dags/etl_banking_dag.py for tasks to queue
[2025-10-08T08:22:54.016+0000] {logging_mixin.py:188} INFO - [2025-10-08T08:22:54.015+0000] {dagbag.py:545} INFO - Filling up the DagBag from /opt/airflow/dags/etl_banking_dag.py
[2025-10-08T08:22:54.074+0000] {processor.py:840} INFO - DAG(s) 'etl_banking_dag' retrieved from /opt/airflow/dags/etl_banking_dag.py
[2025-10-08T08:22:54.116+0000] {logging_mixin.py:188} INFO - [2025-10-08T08:22:54.116+0000] {dag.py:3096} INFO - Sync 1 DAGs
[2025-10-08T08:22:54.142+0000] {logging_mixin.py:188} INFO - [2025-10-08T08:22:54.141+0000] {dag.py:3954} INFO - Setting next_dagrun for etl_banking_dag to None, run_after=None
[2025-10-08T08:22:54.205+0000] {processor.py:183} INFO - Processing /opt/airflow/dags/etl_banking_dag.py took 0.209 seconds
[2025-10-08T08:23:24.480+0000] {processor.py:161} INFO - Started process (PID=1866) to work on /opt/airflow/dags/etl_banking_dag.py
[2025-10-08T08:23:24.482+0000] {processor.py:830} INFO - Processing file /opt/airflow/dags/etl_banking_dag.py for tasks to queue
[2025-10-08T08:23:24.488+0000] {logging_mixin.py:188} INFO - [2025-10-08T08:23:24.488+0000] {dagbag.py:545} INFO - Filling up the DagBag from /opt/airflow/dags/etl_banking_dag.py
[2025-10-08T08:23:24.548+0000] {processor.py:840} INFO - DAG(s) 'etl_banking_dag' retrieved from /opt/airflow/dags/etl_banking_dag.py
[2025-10-08T08:23:24.595+0000] {logging_mixin.py:188} INFO - [2025-10-08T08:23:24.594+0000] {dag.py:3096} INFO - Sync 1 DAGs
[2025-10-08T08:23:24.622+0000] {logging_mixin.py:188} INFO - [2025-10-08T08:23:24.622+0000] {dag.py:3954} INFO - Setting next_dagrun for etl_banking_dag to None, run_after=None
[2025-10-08T08:23:24.689+0000] {processor.py:183} INFO - Processing /opt/airflow/dags/etl_banking_dag.py took 0.221 seconds
[2025-10-08T08:23:55.105+0000] {processor.py:161} INFO - Started process (PID=1925) to work on /opt/airflow/dags/etl_banking_dag.py
[2025-10-08T08:23:55.108+0000] {processor.py:830} INFO - Processing file /opt/airflow/dags/etl_banking_dag.py for tasks to queue
[2025-10-08T08:23:55.113+0000] {logging_mixin.py:188} INFO - [2025-10-08T08:23:55.112+0000] {dagbag.py:545} INFO - Filling up the DagBag from /opt/airflow/dags/etl_banking_dag.py
[2025-10-08T08:23:55.188+0000] {processor.py:840} INFO - DAG(s) 'etl_banking_dag' retrieved from /opt/airflow/dags/etl_banking_dag.py
[2025-10-08T08:23:55.231+0000] {logging_mixin.py:188} INFO - [2025-10-08T08:23:55.230+0000] {dag.py:3096} INFO - Sync 1 DAGs
[2025-10-08T08:23:55.261+0000] {logging_mixin.py:188} INFO - [2025-10-08T08:23:55.260+0000] {dag.py:3954} INFO - Setting next_dagrun for etl_banking_dag to None, run_after=None
[2025-10-08T08:23:55.335+0000] {processor.py:183} INFO - Processing /opt/airflow/dags/etl_banking_dag.py took 0.244 seconds
[2025-10-08T08:24:25.695+0000] {processor.py:161} INFO - Started process (PID=1984) to work on /opt/airflow/dags/etl_banking_dag.py
[2025-10-08T08:24:25.697+0000] {processor.py:830} INFO - Processing file /opt/airflow/dags/etl_banking_dag.py for tasks to queue
[2025-10-08T08:24:25.701+0000] {logging_mixin.py:188} INFO - [2025-10-08T08:24:25.700+0000] {dagbag.py:545} INFO - Filling up the DagBag from /opt/airflow/dags/etl_banking_dag.py
[2025-10-08T08:24:25.740+0000] {processor.py:840} INFO - DAG(s) 'etl_banking_dag' retrieved from /opt/airflow/dags/etl_banking_dag.py
[2025-10-08T08:24:25.776+0000] {logging_mixin.py:188} INFO - [2025-10-08T08:24:25.776+0000] {dag.py:3096} INFO - Sync 1 DAGs
[2025-10-08T08:24:25.809+0000] {logging_mixin.py:188} INFO - [2025-10-08T08:24:25.809+0000] {dag.py:3954} INFO - Setting next_dagrun for etl_banking_dag to None, run_after=None
[2025-10-08T08:24:25.857+0000] {processor.py:183} INFO - Processing /opt/airflow/dags/etl_banking_dag.py took 0.171 seconds
[2025-10-08T08:24:56.499+0000] {processor.py:161} INFO - Started process (PID=2043) to work on /opt/airflow/dags/etl_banking_dag.py
[2025-10-08T08:24:56.500+0000] {processor.py:830} INFO - Processing file /opt/airflow/dags/etl_banking_dag.py for tasks to queue
[2025-10-08T08:24:56.510+0000] {logging_mixin.py:188} INFO - [2025-10-08T08:24:56.508+0000] {dagbag.py:545} INFO - Filling up the DagBag from /opt/airflow/dags/etl_banking_dag.py
[2025-10-08T08:24:56.552+0000] {processor.py:840} INFO - DAG(s) 'etl_banking_dag' retrieved from /opt/airflow/dags/etl_banking_dag.py
[2025-10-08T08:24:56.597+0000] {logging_mixin.py:188} INFO - [2025-10-08T08:24:56.596+0000] {dag.py:3096} INFO - Sync 1 DAGs
[2025-10-08T08:24:56.626+0000] {logging_mixin.py:188} INFO - [2025-10-08T08:24:56.626+0000] {dag.py:3954} INFO - Setting next_dagrun for etl_banking_dag to None, run_after=None
[2025-10-08T08:24:56.667+0000] {processor.py:183} INFO - Processing /opt/airflow/dags/etl_banking_dag.py took 0.181 seconds
[2025-10-08T08:25:27.581+0000] {processor.py:161} INFO - Started process (PID=2102) to work on /opt/airflow/dags/etl_banking_dag.py
[2025-10-08T08:25:27.584+0000] {processor.py:830} INFO - Processing file /opt/airflow/dags/etl_banking_dag.py for tasks to queue
[2025-10-08T08:25:27.591+0000] {logging_mixin.py:188} INFO - [2025-10-08T08:25:27.590+0000] {dagbag.py:545} INFO - Filling up the DagBag from /opt/airflow/dags/etl_banking_dag.py
[2025-10-08T08:25:27.673+0000] {processor.py:840} INFO - DAG(s) 'etl_banking_dag' retrieved from /opt/airflow/dags/etl_banking_dag.py
[2025-10-08T08:25:27.731+0000] {logging_mixin.py:188} INFO - [2025-10-08T08:25:27.730+0000] {dag.py:3096} INFO - Sync 1 DAGs
[2025-10-08T08:25:27.753+0000] {logging_mixin.py:188} INFO - [2025-10-08T08:25:27.752+0000] {dag.py:3954} INFO - Setting next_dagrun for etl_banking_dag to None, run_after=None
[2025-10-08T08:25:27.810+0000] {processor.py:183} INFO - Processing /opt/airflow/dags/etl_banking_dag.py took 0.246 seconds
[2025-10-08T08:25:58.495+0000] {processor.py:161} INFO - Started process (PID=2161) to work on /opt/airflow/dags/etl_banking_dag.py
[2025-10-08T08:25:58.498+0000] {processor.py:830} INFO - Processing file /opt/airflow/dags/etl_banking_dag.py for tasks to queue
[2025-10-08T08:25:58.505+0000] {logging_mixin.py:188} INFO - [2025-10-08T08:25:58.504+0000] {dagbag.py:545} INFO - Filling up the DagBag from /opt/airflow/dags/etl_banking_dag.py
[2025-10-08T08:25:58.572+0000] {processor.py:840} INFO - DAG(s) 'etl_banking_dag' retrieved from /opt/airflow/dags/etl_banking_dag.py
[2025-10-08T08:25:58.620+0000] {logging_mixin.py:188} INFO - [2025-10-08T08:25:58.620+0000] {dag.py:3096} INFO - Sync 1 DAGs
[2025-10-08T08:25:58.639+0000] {logging_mixin.py:188} INFO - [2025-10-08T08:25:58.638+0000] {dag.py:3954} INFO - Setting next_dagrun for etl_banking_dag to None, run_after=None
[2025-10-08T08:25:58.677+0000] {processor.py:183} INFO - Processing /opt/airflow/dags/etl_banking_dag.py took 0.197 seconds
[2025-10-08T08:26:28.801+0000] {processor.py:161} INFO - Started process (PID=2220) to work on /opt/airflow/dags/etl_banking_dag.py
[2025-10-08T08:26:28.804+0000] {processor.py:830} INFO - Processing file /opt/airflow/dags/etl_banking_dag.py for tasks to queue
[2025-10-08T08:26:28.811+0000] {logging_mixin.py:188} INFO - [2025-10-08T08:26:28.808+0000] {dagbag.py:545} INFO - Filling up the DagBag from /opt/airflow/dags/etl_banking_dag.py
[2025-10-08T08:26:28.870+0000] {processor.py:840} INFO - DAG(s) 'etl_banking_dag' retrieved from /opt/airflow/dags/etl_banking_dag.py
[2025-10-08T08:26:28.929+0000] {logging_mixin.py:188} INFO - [2025-10-08T08:26:28.929+0000] {dag.py:3096} INFO - Sync 1 DAGs
[2025-10-08T08:26:28.948+0000] {logging_mixin.py:188} INFO - [2025-10-08T08:26:28.948+0000] {dag.py:3954} INFO - Setting next_dagrun for etl_banking_dag to None, run_after=None
[2025-10-08T08:26:28.985+0000] {processor.py:183} INFO - Processing /opt/airflow/dags/etl_banking_dag.py took 0.200 seconds
[2025-10-08T08:26:59.292+0000] {processor.py:161} INFO - Started process (PID=2279) to work on /opt/airflow/dags/etl_banking_dag.py
[2025-10-08T08:26:59.294+0000] {processor.py:830} INFO - Processing file /opt/airflow/dags/etl_banking_dag.py for tasks to queue
[2025-10-08T08:26:59.300+0000] {logging_mixin.py:188} INFO - [2025-10-08T08:26:59.298+0000] {dagbag.py:545} INFO - Filling up the DagBag from /opt/airflow/dags/etl_banking_dag.py
[2025-10-08T08:26:59.375+0000] {processor.py:840} INFO - DAG(s) 'etl_banking_dag' retrieved from /opt/airflow/dags/etl_banking_dag.py
[2025-10-08T08:26:59.439+0000] {logging_mixin.py:188} INFO - [2025-10-08T08:26:59.439+0000] {dag.py:3096} INFO - Sync 1 DAGs
[2025-10-08T08:26:59.470+0000] {logging_mixin.py:188} INFO - [2025-10-08T08:26:59.469+0000] {dag.py:3954} INFO - Setting next_dagrun for etl_banking_dag to None, run_after=None
[2025-10-08T08:26:59.538+0000] {processor.py:183} INFO - Processing /opt/airflow/dags/etl_banking_dag.py took 0.259 seconds
[2025-10-08T08:27:29.775+0000] {processor.py:161} INFO - Started process (PID=2338) to work on /opt/airflow/dags/etl_banking_dag.py
[2025-10-08T08:27:29.778+0000] {processor.py:830} INFO - Processing file /opt/airflow/dags/etl_banking_dag.py for tasks to queue
[2025-10-08T08:27:29.787+0000] {logging_mixin.py:188} INFO - [2025-10-08T08:27:29.786+0000] {dagbag.py:545} INFO - Filling up the DagBag from /opt/airflow/dags/etl_banking_dag.py
[2025-10-08T08:27:29.855+0000] {processor.py:840} INFO - DAG(s) 'etl_banking_dag' retrieved from /opt/airflow/dags/etl_banking_dag.py
[2025-10-08T08:27:29.890+0000] {logging_mixin.py:188} INFO - [2025-10-08T08:27:29.890+0000] {dag.py:3096} INFO - Sync 1 DAGs
[2025-10-08T08:27:29.910+0000] {logging_mixin.py:188} INFO - [2025-10-08T08:27:29.910+0000] {dag.py:3954} INFO - Setting next_dagrun for etl_banking_dag to None, run_after=None
[2025-10-08T08:27:29.964+0000] {processor.py:183} INFO - Processing /opt/airflow/dags/etl_banking_dag.py took 0.204 seconds
[2025-10-08T08:28:00.624+0000] {processor.py:161} INFO - Started process (PID=2397) to work on /opt/airflow/dags/etl_banking_dag.py
[2025-10-08T08:28:00.628+0000] {processor.py:830} INFO - Processing file /opt/airflow/dags/etl_banking_dag.py for tasks to queue
[2025-10-08T08:28:00.636+0000] {logging_mixin.py:188} INFO - [2025-10-08T08:28:00.635+0000] {dagbag.py:545} INFO - Filling up the DagBag from /opt/airflow/dags/etl_banking_dag.py
[2025-10-08T08:28:00.709+0000] {processor.py:840} INFO - DAG(s) 'etl_banking_dag' retrieved from /opt/airflow/dags/etl_banking_dag.py
[2025-10-08T08:28:00.767+0000] {logging_mixin.py:188} INFO - [2025-10-08T08:28:00.766+0000] {dag.py:3096} INFO - Sync 1 DAGs
[2025-10-08T08:28:00.801+0000] {logging_mixin.py:188} INFO - [2025-10-08T08:28:00.801+0000] {dag.py:3954} INFO - Setting next_dagrun for etl_banking_dag to None, run_after=None
[2025-10-08T08:28:00.881+0000] {processor.py:183} INFO - Processing /opt/airflow/dags/etl_banking_dag.py took 0.274 seconds
[2025-10-08T08:28:31.208+0000] {processor.py:161} INFO - Started process (PID=2456) to work on /opt/airflow/dags/etl_banking_dag.py
[2025-10-08T08:28:31.211+0000] {processor.py:830} INFO - Processing file /opt/airflow/dags/etl_banking_dag.py for tasks to queue
[2025-10-08T08:28:31.219+0000] {logging_mixin.py:188} INFO - [2025-10-08T08:28:31.218+0000] {dagbag.py:545} INFO - Filling up the DagBag from /opt/airflow/dags/etl_banking_dag.py
[2025-10-08T08:28:31.310+0000] {processor.py:840} INFO - DAG(s) 'etl_banking_dag' retrieved from /opt/airflow/dags/etl_banking_dag.py
[2025-10-08T08:28:31.363+0000] {logging_mixin.py:188} INFO - [2025-10-08T08:28:31.362+0000] {dag.py:3096} INFO - Sync 1 DAGs
[2025-10-08T08:28:31.390+0000] {logging_mixin.py:188} INFO - [2025-10-08T08:28:31.389+0000] {dag.py:3954} INFO - Setting next_dagrun for etl_banking_dag to None, run_after=None
[2025-10-08T08:28:31.459+0000] {processor.py:183} INFO - Processing /opt/airflow/dags/etl_banking_dag.py took 0.268 seconds
[2025-10-08T08:29:02.077+0000] {processor.py:161} INFO - Started process (PID=2515) to work on /opt/airflow/dags/etl_banking_dag.py
[2025-10-08T08:29:02.080+0000] {processor.py:830} INFO - Processing file /opt/airflow/dags/etl_banking_dag.py for tasks to queue
[2025-10-08T08:29:02.089+0000] {logging_mixin.py:188} INFO - [2025-10-08T08:29:02.087+0000] {dagbag.py:545} INFO - Filling up the DagBag from /opt/airflow/dags/etl_banking_dag.py
[2025-10-08T08:29:02.152+0000] {processor.py:840} INFO - DAG(s) 'etl_banking_dag' retrieved from /opt/airflow/dags/etl_banking_dag.py
[2025-10-08T08:29:02.223+0000] {logging_mixin.py:188} INFO - [2025-10-08T08:29:02.223+0000] {dag.py:3096} INFO - Sync 1 DAGs
[2025-10-08T08:29:02.255+0000] {logging_mixin.py:188} INFO - [2025-10-08T08:29:02.255+0000] {dag.py:3954} INFO - Setting next_dagrun for etl_banking_dag to None, run_after=None
[2025-10-08T08:29:02.298+0000] {processor.py:183} INFO - Processing /opt/airflow/dags/etl_banking_dag.py took 0.236 seconds
[2025-10-08T08:29:27.813+0000] {processor.py:161} INFO - Started process (PID=2573) to work on /opt/airflow/dags/etl_banking_dag.py
[2025-10-08T08:29:27.815+0000] {processor.py:830} INFO - Processing file /opt/airflow/dags/etl_banking_dag.py for tasks to queue
[2025-10-08T08:29:27.819+0000] {logging_mixin.py:188} INFO - [2025-10-08T08:29:27.819+0000] {dagbag.py:545} INFO - Filling up the DagBag from /opt/airflow/dags/etl_banking_dag.py
[2025-10-08T08:29:27.937+0000] {processor.py:840} INFO - DAG(s) 'etl_banking_dag' retrieved from /opt/airflow/dags/etl_banking_dag.py
[2025-10-08T08:29:27.999+0000] {logging_mixin.py:188} INFO - [2025-10-08T08:29:27.998+0000] {dag.py:3096} INFO - Sync 1 DAGs
[2025-10-08T08:29:28.041+0000] {logging_mixin.py:188} INFO - [2025-10-08T08:29:28.041+0000] {dag.py:3954} INFO - Setting next_dagrun for etl_banking_dag to None, run_after=None
[2025-10-08T08:29:28.089+0000] {processor.py:183} INFO - Processing /opt/airflow/dags/etl_banking_dag.py took 0.287 seconds
[2025-10-08T08:29:58.967+0000] {processor.py:161} INFO - Started process (PID=2632) to work on /opt/airflow/dags/etl_banking_dag.py
[2025-10-08T08:29:58.970+0000] {processor.py:830} INFO - Processing file /opt/airflow/dags/etl_banking_dag.py for tasks to queue
[2025-10-08T08:29:58.977+0000] {logging_mixin.py:188} INFO - [2025-10-08T08:29:58.976+0000] {dagbag.py:545} INFO - Filling up the DagBag from /opt/airflow/dags/etl_banking_dag.py
[2025-10-08T08:29:59.030+0000] {processor.py:840} INFO - DAG(s) 'etl_banking_dag' retrieved from /opt/airflow/dags/etl_banking_dag.py
[2025-10-08T08:29:59.075+0000] {logging_mixin.py:188} INFO - [2025-10-08T08:29:59.074+0000] {dag.py:3096} INFO - Sync 1 DAGs
[2025-10-08T08:29:59.097+0000] {logging_mixin.py:188} INFO - [2025-10-08T08:29:59.096+0000] {dag.py:3954} INFO - Setting next_dagrun for etl_banking_dag to None, run_after=None
[2025-10-08T08:29:59.131+0000] {processor.py:183} INFO - Processing /opt/airflow/dags/etl_banking_dag.py took 0.182 seconds
[2025-10-08T08:33:02.204+0000] {processor.py:161} INFO - Started process (PID=2645) to work on /opt/airflow/dags/etl_banking_dag.py
[2025-10-08T08:33:02.217+0000] {processor.py:830} INFO - Processing file /opt/airflow/dags/etl_banking_dag.py for tasks to queue
[2025-10-08T08:33:02.229+0000] {logging_mixin.py:188} INFO - [2025-10-08T08:33:02.228+0000] {dagbag.py:545} INFO - Filling up the DagBag from /opt/airflow/dags/etl_banking_dag.py
[2025-10-08T08:33:02.386+0000] {processor.py:840} INFO - DAG(s) 'etl_banking_dag' retrieved from /opt/airflow/dags/etl_banking_dag.py
[2025-10-08T08:33:02.409+0000] {logging_mixin.py:188} INFO - [2025-10-08T08:33:02.409+0000] {dag.py:3096} INFO - Sync 1 DAGs
[2025-10-08T08:33:02.432+0000] {logging_mixin.py:188} INFO - [2025-10-08T08:33:02.431+0000] {dag.py:3954} INFO - Setting next_dagrun for etl_banking_dag to None, run_after=None
[2025-10-08T08:33:02.484+0000] {processor.py:183} INFO - Processing /opt/airflow/dags/etl_banking_dag.py took 0.286 seconds
[2025-10-08T08:33:32.591+0000] {processor.py:161} INFO - Started process (PID=2705) to work on /opt/airflow/dags/etl_banking_dag.py
[2025-10-08T08:33:32.592+0000] {processor.py:830} INFO - Processing file /opt/airflow/dags/etl_banking_dag.py for tasks to queue
[2025-10-08T08:33:32.594+0000] {logging_mixin.py:188} INFO - [2025-10-08T08:33:32.593+0000] {dagbag.py:545} INFO - Filling up the DagBag from /opt/airflow/dags/etl_banking_dag.py
[2025-10-08T08:33:32.612+0000] {processor.py:840} INFO - DAG(s) 'etl_banking_dag' retrieved from /opt/airflow/dags/etl_banking_dag.py
[2025-10-08T08:33:32.631+0000] {logging_mixin.py:188} INFO - [2025-10-08T08:33:32.631+0000] {dag.py:3096} INFO - Sync 1 DAGs
[2025-10-08T08:33:32.642+0000] {logging_mixin.py:188} INFO - [2025-10-08T08:33:32.642+0000] {dag.py:3954} INFO - Setting next_dagrun for etl_banking_dag to None, run_after=None
[2025-10-08T08:33:32.663+0000] {processor.py:183} INFO - Processing /opt/airflow/dags/etl_banking_dag.py took 0.079 seconds
[2025-10-08T08:33:36.933+0000] {processor.py:161} INFO - Started process (PID=2746) to work on /opt/airflow/dags/etl_banking_dag.py
[2025-10-08T08:33:36.935+0000] {processor.py:830} INFO - Processing file /opt/airflow/dags/etl_banking_dag.py for tasks to queue
[2025-10-08T08:33:36.937+0000] {logging_mixin.py:188} INFO - [2025-10-08T08:33:36.937+0000] {dagbag.py:545} INFO - Filling up the DagBag from /opt/airflow/dags/etl_banking_dag.py
[2025-10-08T08:33:36.972+0000] {processor.py:840} INFO - DAG(s) 'etl_banking_dag' retrieved from /opt/airflow/dags/etl_banking_dag.py
[2025-10-08T08:33:36.992+0000] {logging_mixin.py:188} INFO - [2025-10-08T08:33:36.992+0000] {dag.py:3096} INFO - Sync 1 DAGs
[2025-10-08T08:33:37.012+0000] {logging_mixin.py:188} INFO - [2025-10-08T08:33:37.012+0000] {dag.py:3954} INFO - Setting next_dagrun for etl_banking_dag to None, run_after=None
[2025-10-08T08:33:37.041+0000] {processor.py:183} INFO - Processing /opt/airflow/dags/etl_banking_dag.py took 0.117 seconds
[2025-10-08T08:34:07.573+0000] {processor.py:161} INFO - Started process (PID=2805) to work on /opt/airflow/dags/etl_banking_dag.py
[2025-10-08T08:34:07.574+0000] {processor.py:830} INFO - Processing file /opt/airflow/dags/etl_banking_dag.py for tasks to queue
[2025-10-08T08:34:07.580+0000] {logging_mixin.py:188} INFO - [2025-10-08T08:34:07.580+0000] {dagbag.py:545} INFO - Filling up the DagBag from /opt/airflow/dags/etl_banking_dag.py
[2025-10-08T08:34:07.608+0000] {processor.py:840} INFO - DAG(s) 'etl_banking_dag' retrieved from /opt/airflow/dags/etl_banking_dag.py
[2025-10-08T08:34:07.635+0000] {logging_mixin.py:188} INFO - [2025-10-08T08:34:07.635+0000] {dag.py:3096} INFO - Sync 1 DAGs
[2025-10-08T08:34:07.651+0000] {logging_mixin.py:188} INFO - [2025-10-08T08:34:07.651+0000] {dag.py:3954} INFO - Setting next_dagrun for etl_banking_dag to None, run_after=None
[2025-10-08T08:34:07.677+0000] {processor.py:183} INFO - Processing /opt/airflow/dags/etl_banking_dag.py took 0.126 seconds
[2025-10-08T08:34:38.325+0000] {processor.py:161} INFO - Started process (PID=2860) to work on /opt/airflow/dags/etl_banking_dag.py
[2025-10-08T08:34:38.329+0000] {processor.py:830} INFO - Processing file /opt/airflow/dags/etl_banking_dag.py for tasks to queue
[2025-10-08T08:34:38.337+0000] {logging_mixin.py:188} INFO - [2025-10-08T08:34:38.336+0000] {dagbag.py:545} INFO - Filling up the DagBag from /opt/airflow/dags/etl_banking_dag.py
[2025-10-08T08:34:38.373+0000] {processor.py:840} INFO - DAG(s) 'etl_banking_dag' retrieved from /opt/airflow/dags/etl_banking_dag.py
[2025-10-08T08:34:38.402+0000] {logging_mixin.py:188} INFO - [2025-10-08T08:34:38.402+0000] {dag.py:3096} INFO - Sync 1 DAGs
[2025-10-08T08:34:38.417+0000] {logging_mixin.py:188} INFO - [2025-10-08T08:34:38.417+0000] {dag.py:3954} INFO - Setting next_dagrun for etl_banking_dag to None, run_after=None
[2025-10-08T08:34:38.442+0000] {processor.py:183} INFO - Processing /opt/airflow/dags/etl_banking_dag.py took 0.140 seconds
[2025-10-08T08:35:08.541+0000] {processor.py:161} INFO - Started process (PID=2919) to work on /opt/airflow/dags/etl_banking_dag.py
[2025-10-08T08:35:08.542+0000] {processor.py:830} INFO - Processing file /opt/airflow/dags/etl_banking_dag.py for tasks to queue
[2025-10-08T08:35:08.546+0000] {logging_mixin.py:188} INFO - [2025-10-08T08:35:08.545+0000] {dagbag.py:545} INFO - Filling up the DagBag from /opt/airflow/dags/etl_banking_dag.py
[2025-10-08T08:35:08.578+0000] {processor.py:840} INFO - DAG(s) 'etl_banking_dag' retrieved from /opt/airflow/dags/etl_banking_dag.py
[2025-10-08T08:35:08.608+0000] {logging_mixin.py:188} INFO - [2025-10-08T08:35:08.607+0000] {dag.py:3096} INFO - Sync 1 DAGs
[2025-10-08T08:35:08.626+0000] {logging_mixin.py:188} INFO - [2025-10-08T08:35:08.626+0000] {dag.py:3954} INFO - Setting next_dagrun for etl_banking_dag to None, run_after=None
[2025-10-08T08:35:08.656+0000] {processor.py:183} INFO - Processing /opt/airflow/dags/etl_banking_dag.py took 0.125 seconds
[2025-10-08T08:35:38.869+0000] {processor.py:161} INFO - Started process (PID=2978) to work on /opt/airflow/dags/etl_banking_dag.py
[2025-10-08T08:35:38.871+0000] {processor.py:830} INFO - Processing file /opt/airflow/dags/etl_banking_dag.py for tasks to queue
[2025-10-08T08:35:38.874+0000] {logging_mixin.py:188} INFO - [2025-10-08T08:35:38.873+0000] {dagbag.py:545} INFO - Filling up the DagBag from /opt/airflow/dags/etl_banking_dag.py
[2025-10-08T08:35:38.905+0000] {processor.py:840} INFO - DAG(s) 'etl_banking_dag' retrieved from /opt/airflow/dags/etl_banking_dag.py
[2025-10-08T08:35:38.929+0000] {logging_mixin.py:188} INFO - [2025-10-08T08:35:38.928+0000] {dag.py:3096} INFO - Sync 1 DAGs
[2025-10-08T08:35:38.943+0000] {logging_mixin.py:188} INFO - [2025-10-08T08:35:38.943+0000] {dag.py:3954} INFO - Setting next_dagrun for etl_banking_dag to None, run_after=None
[2025-10-08T08:35:38.971+0000] {processor.py:183} INFO - Processing /opt/airflow/dags/etl_banking_dag.py took 0.109 seconds
[2025-10-08T08:36:09.129+0000] {processor.py:161} INFO - Started process (PID=3032) to work on /opt/airflow/dags/etl_banking_dag.py
[2025-10-08T08:36:09.131+0000] {processor.py:830} INFO - Processing file /opt/airflow/dags/etl_banking_dag.py for tasks to queue
[2025-10-08T08:36:09.135+0000] {logging_mixin.py:188} INFO - [2025-10-08T08:36:09.134+0000] {dagbag.py:545} INFO - Filling up the DagBag from /opt/airflow/dags/etl_banking_dag.py
[2025-10-08T08:36:09.164+0000] {processor.py:840} INFO - DAG(s) 'etl_banking_dag' retrieved from /opt/airflow/dags/etl_banking_dag.py
[2025-10-08T08:36:09.194+0000] {logging_mixin.py:188} INFO - [2025-10-08T08:36:09.194+0000] {dag.py:3096} INFO - Sync 1 DAGs
[2025-10-08T08:36:09.214+0000] {logging_mixin.py:188} INFO - [2025-10-08T08:36:09.214+0000] {dag.py:3954} INFO - Setting next_dagrun for etl_banking_dag to None, run_after=None
[2025-10-08T08:36:09.246+0000] {processor.py:183} INFO - Processing /opt/airflow/dags/etl_banking_dag.py took 0.126 seconds
[2025-10-08T08:36:40.216+0000] {processor.py:161} INFO - Started process (PID=3091) to work on /opt/airflow/dags/etl_banking_dag.py
[2025-10-08T08:36:40.218+0000] {processor.py:830} INFO - Processing file /opt/airflow/dags/etl_banking_dag.py for tasks to queue
[2025-10-08T08:36:40.220+0000] {logging_mixin.py:188} INFO - [2025-10-08T08:36:40.220+0000] {dagbag.py:545} INFO - Filling up the DagBag from /opt/airflow/dags/etl_banking_dag.py
[2025-10-08T08:36:40.253+0000] {processor.py:840} INFO - DAG(s) 'etl_banking_dag' retrieved from /opt/airflow/dags/etl_banking_dag.py
[2025-10-08T08:36:40.291+0000] {logging_mixin.py:188} INFO - [2025-10-08T08:36:40.290+0000] {dag.py:3096} INFO - Sync 1 DAGs
[2025-10-08T08:36:40.315+0000] {logging_mixin.py:188} INFO - [2025-10-08T08:36:40.315+0000] {dag.py:3954} INFO - Setting next_dagrun for etl_banking_dag to None, run_after=None
[2025-10-08T08:36:40.359+0000] {processor.py:183} INFO - Processing /opt/airflow/dags/etl_banking_dag.py took 0.152 seconds
[2025-10-08T08:37:10.578+0000] {processor.py:161} INFO - Started process (PID=3150) to work on /opt/airflow/dags/etl_banking_dag.py
[2025-10-08T08:37:10.581+0000] {processor.py:830} INFO - Processing file /opt/airflow/dags/etl_banking_dag.py for tasks to queue
[2025-10-08T08:37:10.585+0000] {logging_mixin.py:188} INFO - [2025-10-08T08:37:10.585+0000] {dagbag.py:545} INFO - Filling up the DagBag from /opt/airflow/dags/etl_banking_dag.py
[2025-10-08T08:37:10.625+0000] {processor.py:840} INFO - DAG(s) 'etl_banking_dag' retrieved from /opt/airflow/dags/etl_banking_dag.py
[2025-10-08T08:37:10.680+0000] {logging_mixin.py:188} INFO - [2025-10-08T08:37:10.679+0000] {dag.py:3096} INFO - Sync 1 DAGs
[2025-10-08T08:37:10.712+0000] {logging_mixin.py:188} INFO - [2025-10-08T08:37:10.711+0000] {dag.py:3954} INFO - Setting next_dagrun for etl_banking_dag to None, run_after=None
[2025-10-08T08:37:10.754+0000] {processor.py:183} INFO - Processing /opt/airflow/dags/etl_banking_dag.py took 0.186 seconds
[2025-10-08T08:37:41.218+0000] {processor.py:161} INFO - Started process (PID=3207) to work on /opt/airflow/dags/etl_banking_dag.py
[2025-10-08T08:37:41.220+0000] {processor.py:830} INFO - Processing file /opt/airflow/dags/etl_banking_dag.py for tasks to queue
[2025-10-08T08:37:41.223+0000] {logging_mixin.py:188} INFO - [2025-10-08T08:37:41.223+0000] {dagbag.py:545} INFO - Filling up the DagBag from /opt/airflow/dags/etl_banking_dag.py
[2025-10-08T08:37:41.250+0000] {processor.py:840} INFO - DAG(s) 'etl_banking_dag' retrieved from /opt/airflow/dags/etl_banking_dag.py
[2025-10-08T08:37:41.277+0000] {logging_mixin.py:188} INFO - [2025-10-08T08:37:41.276+0000] {dag.py:3096} INFO - Sync 1 DAGs
[2025-10-08T08:37:41.294+0000] {logging_mixin.py:188} INFO - [2025-10-08T08:37:41.293+0000] {dag.py:3954} INFO - Setting next_dagrun for etl_banking_dag to None, run_after=None
[2025-10-08T08:37:41.322+0000] {processor.py:183} INFO - Processing /opt/airflow/dags/etl_banking_dag.py took 0.112 seconds
[2025-10-08T08:38:12.180+0000] {processor.py:161} INFO - Started process (PID=3265) to work on /opt/airflow/dags/etl_banking_dag.py
[2025-10-08T08:38:12.182+0000] {processor.py:830} INFO - Processing file /opt/airflow/dags/etl_banking_dag.py for tasks to queue
[2025-10-08T08:38:12.186+0000] {logging_mixin.py:188} INFO - [2025-10-08T08:38:12.185+0000] {dagbag.py:545} INFO - Filling up the DagBag from /opt/airflow/dags/etl_banking_dag.py
[2025-10-08T08:38:12.229+0000] {processor.py:840} INFO - DAG(s) 'etl_banking_dag' retrieved from /opt/airflow/dags/etl_banking_dag.py
[2025-10-08T08:38:12.254+0000] {logging_mixin.py:188} INFO - [2025-10-08T08:38:12.253+0000] {dag.py:3096} INFO - Sync 1 DAGs
[2025-10-08T08:38:12.269+0000] {logging_mixin.py:188} INFO - [2025-10-08T08:38:12.269+0000] {dag.py:3954} INFO - Setting next_dagrun for etl_banking_dag to None, run_after=None
[2025-10-08T08:38:12.301+0000] {processor.py:183} INFO - Processing /opt/airflow/dags/etl_banking_dag.py took 0.130 seconds
[2025-10-08T08:38:42.463+0000] {processor.py:161} INFO - Started process (PID=3324) to work on /opt/airflow/dags/etl_banking_dag.py
[2025-10-08T08:38:42.465+0000] {processor.py:830} INFO - Processing file /opt/airflow/dags/etl_banking_dag.py for tasks to queue
[2025-10-08T08:38:42.469+0000] {logging_mixin.py:188} INFO - [2025-10-08T08:38:42.468+0000] {dagbag.py:545} INFO - Filling up the DagBag from /opt/airflow/dags/etl_banking_dag.py
[2025-10-08T08:38:42.515+0000] {processor.py:840} INFO - DAG(s) 'etl_banking_dag' retrieved from /opt/airflow/dags/etl_banking_dag.py
[2025-10-08T08:38:42.540+0000] {logging_mixin.py:188} INFO - [2025-10-08T08:38:42.539+0000] {dag.py:3096} INFO - Sync 1 DAGs
[2025-10-08T08:38:42.553+0000] {logging_mixin.py:188} INFO - [2025-10-08T08:38:42.553+0000] {dag.py:3954} INFO - Setting next_dagrun for etl_banking_dag to None, run_after=None
[2025-10-08T08:38:42.582+0000] {processor.py:183} INFO - Processing /opt/airflow/dags/etl_banking_dag.py took 0.130 seconds
[2025-10-08T08:39:13.054+0000] {processor.py:161} INFO - Started process (PID=3380) to work on /opt/airflow/dags/etl_banking_dag.py
[2025-10-08T08:39:13.059+0000] {processor.py:830} INFO - Processing file /opt/airflow/dags/etl_banking_dag.py for tasks to queue
[2025-10-08T08:39:13.064+0000] {logging_mixin.py:188} INFO - [2025-10-08T08:39:13.063+0000] {dagbag.py:545} INFO - Filling up the DagBag from /opt/airflow/dags/etl_banking_dag.py
[2025-10-08T08:39:13.121+0000] {processor.py:840} INFO - DAG(s) 'etl_banking_dag' retrieved from /opt/airflow/dags/etl_banking_dag.py
[2025-10-08T08:39:13.174+0000] {logging_mixin.py:188} INFO - [2025-10-08T08:39:13.173+0000] {dag.py:3096} INFO - Sync 1 DAGs
[2025-10-08T08:39:13.188+0000] {logging_mixin.py:188} INFO - [2025-10-08T08:39:13.188+0000] {dag.py:3954} INFO - Setting next_dagrun for etl_banking_dag to None, run_after=None
[2025-10-08T08:39:13.227+0000] {processor.py:183} INFO - Processing /opt/airflow/dags/etl_banking_dag.py took 0.184 seconds
[2025-10-08T08:39:43.413+0000] {processor.py:161} INFO - Started process (PID=3445) to work on /opt/airflow/dags/etl_banking_dag.py
[2025-10-08T08:39:43.414+0000] {processor.py:830} INFO - Processing file /opt/airflow/dags/etl_banking_dag.py for tasks to queue
[2025-10-08T08:39:43.418+0000] {logging_mixin.py:188} INFO - [2025-10-08T08:39:43.417+0000] {dagbag.py:545} INFO - Filling up the DagBag from /opt/airflow/dags/etl_banking_dag.py
[2025-10-08T08:39:43.456+0000] {processor.py:840} INFO - DAG(s) 'etl_banking_dag' retrieved from /opt/airflow/dags/etl_banking_dag.py
[2025-10-08T08:39:43.493+0000] {logging_mixin.py:188} INFO - [2025-10-08T08:39:43.493+0000] {dag.py:3096} INFO - Sync 1 DAGs
[2025-10-08T08:39:43.518+0000] {logging_mixin.py:188} INFO - [2025-10-08T08:39:43.518+0000] {dag.py:3954} INFO - Setting next_dagrun for etl_banking_dag to None, run_after=None
[2025-10-08T08:39:43.562+0000] {processor.py:183} INFO - Processing /opt/airflow/dags/etl_banking_dag.py took 0.159 seconds
[2025-10-08T08:40:13.892+0000] {processor.py:161} INFO - Started process (PID=3504) to work on /opt/airflow/dags/etl_banking_dag.py
[2025-10-08T08:40:13.898+0000] {processor.py:830} INFO - Processing file /opt/airflow/dags/etl_banking_dag.py for tasks to queue
[2025-10-08T08:40:13.904+0000] {logging_mixin.py:188} INFO - [2025-10-08T08:40:13.902+0000] {dagbag.py:545} INFO - Filling up the DagBag from /opt/airflow/dags/etl_banking_dag.py
[2025-10-08T08:40:13.960+0000] {processor.py:840} INFO - DAG(s) 'etl_banking_dag' retrieved from /opt/airflow/dags/etl_banking_dag.py
[2025-10-08T08:40:13.991+0000] {logging_mixin.py:188} INFO - [2025-10-08T08:40:13.990+0000] {dag.py:3096} INFO - Sync 1 DAGs
[2025-10-08T08:40:14.008+0000] {logging_mixin.py:188} INFO - [2025-10-08T08:40:14.008+0000] {dag.py:3954} INFO - Setting next_dagrun for etl_banking_dag to None, run_after=None
[2025-10-08T08:40:14.034+0000] {processor.py:183} INFO - Processing /opt/airflow/dags/etl_banking_dag.py took 0.161 seconds
[2025-10-08T08:40:44.921+0000] {processor.py:161} INFO - Started process (PID=3569) to work on /opt/airflow/dags/etl_banking_dag.py
[2025-10-08T08:40:44.924+0000] {processor.py:830} INFO - Processing file /opt/airflow/dags/etl_banking_dag.py for tasks to queue
[2025-10-08T08:40:44.927+0000] {logging_mixin.py:188} INFO - [2025-10-08T08:40:44.926+0000] {dagbag.py:545} INFO - Filling up the DagBag from /opt/airflow/dags/etl_banking_dag.py
[2025-10-08T08:40:44.959+0000] {processor.py:840} INFO - DAG(s) 'etl_banking_dag' retrieved from /opt/airflow/dags/etl_banking_dag.py
[2025-10-08T08:40:44.985+0000] {logging_mixin.py:188} INFO - [2025-10-08T08:40:44.984+0000] {dag.py:3096} INFO - Sync 1 DAGs
[2025-10-08T08:40:45.000+0000] {logging_mixin.py:188} INFO - [2025-10-08T08:40:45.000+0000] {dag.py:3954} INFO - Setting next_dagrun for etl_banking_dag to None, run_after=None
[2025-10-08T08:40:45.029+0000] {processor.py:183} INFO - Processing /opt/airflow/dags/etl_banking_dag.py took 0.119 seconds
[2025-10-08T08:41:15.397+0000] {processor.py:161} INFO - Started process (PID=3628) to work on /opt/airflow/dags/etl_banking_dag.py
[2025-10-08T08:41:15.399+0000] {processor.py:830} INFO - Processing file /opt/airflow/dags/etl_banking_dag.py for tasks to queue
[2025-10-08T08:41:15.403+0000] {logging_mixin.py:188} INFO - [2025-10-08T08:41:15.402+0000] {dagbag.py:545} INFO - Filling up the DagBag from /opt/airflow/dags/etl_banking_dag.py
[2025-10-08T08:41:15.440+0000] {processor.py:840} INFO - DAG(s) 'etl_banking_dag' retrieved from /opt/airflow/dags/etl_banking_dag.py
[2025-10-08T08:41:15.469+0000] {logging_mixin.py:188} INFO - [2025-10-08T08:41:15.469+0000] {dag.py:3096} INFO - Sync 1 DAGs
[2025-10-08T08:41:15.486+0000] {logging_mixin.py:188} INFO - [2025-10-08T08:41:15.486+0000] {dag.py:3954} INFO - Setting next_dagrun for etl_banking_dag to None, run_after=None
[2025-10-08T08:41:15.512+0000] {processor.py:183} INFO - Processing /opt/airflow/dags/etl_banking_dag.py took 0.125 seconds
[2025-10-08T08:41:46.196+0000] {processor.py:161} INFO - Started process (PID=3687) to work on /opt/airflow/dags/etl_banking_dag.py
[2025-10-08T08:41:46.197+0000] {processor.py:830} INFO - Processing file /opt/airflow/dags/etl_banking_dag.py for tasks to queue
[2025-10-08T08:41:46.200+0000] {logging_mixin.py:188} INFO - [2025-10-08T08:41:46.200+0000] {dagbag.py:545} INFO - Filling up the DagBag from /opt/airflow/dags/etl_banking_dag.py
[2025-10-08T08:41:46.220+0000] {processor.py:840} INFO - DAG(s) 'etl_banking_dag' retrieved from /opt/airflow/dags/etl_banking_dag.py
[2025-10-08T08:41:46.241+0000] {logging_mixin.py:188} INFO - [2025-10-08T08:41:46.241+0000] {dag.py:3096} INFO - Sync 1 DAGs
[2025-10-08T08:41:46.257+0000] {logging_mixin.py:188} INFO - [2025-10-08T08:41:46.256+0000] {dag.py:3954} INFO - Setting next_dagrun for etl_banking_dag to None, run_after=None
[2025-10-08T08:41:46.283+0000] {processor.py:183} INFO - Processing /opt/airflow/dags/etl_banking_dag.py took 0.093 seconds
[2025-10-08T08:42:16.759+0000] {processor.py:161} INFO - Started process (PID=3746) to work on /opt/airflow/dags/etl_banking_dag.py
[2025-10-08T08:42:16.760+0000] {processor.py:830} INFO - Processing file /opt/airflow/dags/etl_banking_dag.py for tasks to queue
[2025-10-08T08:42:16.764+0000] {logging_mixin.py:188} INFO - [2025-10-08T08:42:16.763+0000] {dagbag.py:545} INFO - Filling up the DagBag from /opt/airflow/dags/etl_banking_dag.py
[2025-10-08T08:42:16.792+0000] {processor.py:840} INFO - DAG(s) 'etl_banking_dag' retrieved from /opt/airflow/dags/etl_banking_dag.py
[2025-10-08T08:42:16.818+0000] {logging_mixin.py:188} INFO - [2025-10-08T08:42:16.818+0000] {dag.py:3096} INFO - Sync 1 DAGs
[2025-10-08T08:42:16.834+0000] {logging_mixin.py:188} INFO - [2025-10-08T08:42:16.834+0000] {dag.py:3954} INFO - Setting next_dagrun for etl_banking_dag to None, run_after=None
[2025-10-08T08:42:16.863+0000] {processor.py:183} INFO - Processing /opt/airflow/dags/etl_banking_dag.py took 0.112 seconds
[2025-10-08T08:42:47.271+0000] {processor.py:161} INFO - Started process (PID=3805) to work on /opt/airflow/dags/etl_banking_dag.py
[2025-10-08T08:42:47.273+0000] {processor.py:830} INFO - Processing file /opt/airflow/dags/etl_banking_dag.py for tasks to queue
[2025-10-08T08:42:47.276+0000] {logging_mixin.py:188} INFO - [2025-10-08T08:42:47.275+0000] {dagbag.py:545} INFO - Filling up the DagBag from /opt/airflow/dags/etl_banking_dag.py
[2025-10-08T08:42:47.318+0000] {processor.py:840} INFO - DAG(s) 'etl_banking_dag' retrieved from /opt/airflow/dags/etl_banking_dag.py
[2025-10-08T08:42:47.340+0000] {logging_mixin.py:188} INFO - [2025-10-08T08:42:47.340+0000] {dag.py:3096} INFO - Sync 1 DAGs
[2025-10-08T08:42:47.355+0000] {logging_mixin.py:188} INFO - [2025-10-08T08:42:47.355+0000] {dag.py:3954} INFO - Setting next_dagrun for etl_banking_dag to None, run_after=None
[2025-10-08T08:42:47.381+0000] {processor.py:183} INFO - Processing /opt/airflow/dags/etl_banking_dag.py took 0.123 seconds
[2025-10-08T08:43:17.617+0000] {processor.py:161} INFO - Started process (PID=3864) to work on /opt/airflow/dags/etl_banking_dag.py
[2025-10-08T08:43:17.618+0000] {processor.py:830} INFO - Processing file /opt/airflow/dags/etl_banking_dag.py for tasks to queue
[2025-10-08T08:43:17.622+0000] {logging_mixin.py:188} INFO - [2025-10-08T08:43:17.622+0000] {dagbag.py:545} INFO - Filling up the DagBag from /opt/airflow/dags/etl_banking_dag.py
[2025-10-08T08:43:17.683+0000] {processor.py:840} INFO - DAG(s) 'etl_banking_dag' retrieved from /opt/airflow/dags/etl_banking_dag.py
[2025-10-08T08:43:17.711+0000] {logging_mixin.py:188} INFO - [2025-10-08T08:43:17.711+0000] {dag.py:3096} INFO - Sync 1 DAGs
[2025-10-08T08:43:17.732+0000] {logging_mixin.py:188} INFO - [2025-10-08T08:43:17.732+0000] {dag.py:3954} INFO - Setting next_dagrun for etl_banking_dag to None, run_after=None
[2025-10-08T08:43:17.761+0000] {processor.py:183} INFO - Processing /opt/airflow/dags/etl_banking_dag.py took 0.152 seconds
[2025-10-08T08:43:48.552+0000] {processor.py:161} INFO - Started process (PID=3921) to work on /opt/airflow/dags/etl_banking_dag.py
[2025-10-08T08:43:48.554+0000] {processor.py:830} INFO - Processing file /opt/airflow/dags/etl_banking_dag.py for tasks to queue
[2025-10-08T08:43:48.556+0000] {logging_mixin.py:188} INFO - [2025-10-08T08:43:48.556+0000] {dagbag.py:545} INFO - Filling up the DagBag from /opt/airflow/dags/etl_banking_dag.py
[2025-10-08T08:43:48.589+0000] {processor.py:840} INFO - DAG(s) 'etl_banking_dag' retrieved from /opt/airflow/dags/etl_banking_dag.py
[2025-10-08T08:43:48.621+0000] {logging_mixin.py:188} INFO - [2025-10-08T08:43:48.620+0000] {dag.py:3096} INFO - Sync 1 DAGs
[2025-10-08T08:43:48.638+0000] {logging_mixin.py:188} INFO - [2025-10-08T08:43:48.638+0000] {dag.py:3954} INFO - Setting next_dagrun for etl_banking_dag to None, run_after=None
[2025-10-08T08:43:48.671+0000] {processor.py:183} INFO - Processing /opt/airflow/dags/etl_banking_dag.py took 0.125 seconds
[2025-10-08T08:44:19.224+0000] {processor.py:161} INFO - Started process (PID=3980) to work on /opt/airflow/dags/etl_banking_dag.py
[2025-10-08T08:44:19.226+0000] {processor.py:830} INFO - Processing file /opt/airflow/dags/etl_banking_dag.py for tasks to queue
[2025-10-08T08:44:19.230+0000] {logging_mixin.py:188} INFO - [2025-10-08T08:44:19.230+0000] {dagbag.py:545} INFO - Filling up the DagBag from /opt/airflow/dags/etl_banking_dag.py
[2025-10-08T08:44:19.272+0000] {processor.py:840} INFO - DAG(s) 'etl_banking_dag' retrieved from /opt/airflow/dags/etl_banking_dag.py
[2025-10-08T08:44:19.307+0000] {logging_mixin.py:188} INFO - [2025-10-08T08:44:19.307+0000] {dag.py:3096} INFO - Sync 1 DAGs
[2025-10-08T08:44:19.326+0000] {logging_mixin.py:188} INFO - [2025-10-08T08:44:19.326+0000] {dag.py:3954} INFO - Setting next_dagrun for etl_banking_dag to None, run_after=None
[2025-10-08T08:44:19.355+0000] {processor.py:183} INFO - Processing /opt/airflow/dags/etl_banking_dag.py took 0.140 seconds
[2025-10-08T08:44:49.612+0000] {processor.py:161} INFO - Started process (PID=4039) to work on /opt/airflow/dags/etl_banking_dag.py
[2025-10-08T08:44:49.614+0000] {processor.py:830} INFO - Processing file /opt/airflow/dags/etl_banking_dag.py for tasks to queue
[2025-10-08T08:44:49.616+0000] {logging_mixin.py:188} INFO - [2025-10-08T08:44:49.616+0000] {dagbag.py:545} INFO - Filling up the DagBag from /opt/airflow/dags/etl_banking_dag.py
[2025-10-08T08:44:49.669+0000] {processor.py:840} INFO - DAG(s) 'etl_banking_dag' retrieved from /opt/airflow/dags/etl_banking_dag.py
[2025-10-08T08:44:49.696+0000] {logging_mixin.py:188} INFO - [2025-10-08T08:44:49.696+0000] {dag.py:3096} INFO - Sync 1 DAGs
[2025-10-08T08:44:49.714+0000] {logging_mixin.py:188} INFO - [2025-10-08T08:44:49.713+0000] {dag.py:3954} INFO - Setting next_dagrun for etl_banking_dag to None, run_after=None
[2025-10-08T08:44:49.744+0000] {processor.py:183} INFO - Processing /opt/airflow/dags/etl_banking_dag.py took 0.140 seconds
[2025-10-08T08:45:19.878+0000] {processor.py:161} INFO - Started process (PID=4098) to work on /opt/airflow/dags/etl_banking_dag.py
[2025-10-08T08:45:19.880+0000] {processor.py:830} INFO - Processing file /opt/airflow/dags/etl_banking_dag.py for tasks to queue
[2025-10-08T08:45:19.883+0000] {logging_mixin.py:188} INFO - [2025-10-08T08:45:19.883+0000] {dagbag.py:545} INFO - Filling up the DagBag from /opt/airflow/dags/etl_banking_dag.py
[2025-10-08T08:45:19.918+0000] {processor.py:840} INFO - DAG(s) 'etl_banking_dag' retrieved from /opt/airflow/dags/etl_banking_dag.py
[2025-10-08T08:45:19.950+0000] {logging_mixin.py:188} INFO - [2025-10-08T08:45:19.950+0000] {dag.py:3096} INFO - Sync 1 DAGs
[2025-10-08T08:45:19.966+0000] {logging_mixin.py:188} INFO - [2025-10-08T08:45:19.966+0000] {dag.py:3954} INFO - Setting next_dagrun for etl_banking_dag to None, run_after=None
[2025-10-08T08:45:20.049+0000] {processor.py:183} INFO - Processing /opt/airflow/dags/etl_banking_dag.py took 0.182 seconds
[2025-10-08T08:45:50.981+0000] {processor.py:161} INFO - Started process (PID=4157) to work on /opt/airflow/dags/etl_banking_dag.py
[2025-10-08T08:45:50.983+0000] {processor.py:830} INFO - Processing file /opt/airflow/dags/etl_banking_dag.py for tasks to queue
[2025-10-08T08:45:50.985+0000] {logging_mixin.py:188} INFO - [2025-10-08T08:45:50.985+0000] {dagbag.py:545} INFO - Filling up the DagBag from /opt/airflow/dags/etl_banking_dag.py
[2025-10-08T08:45:51.015+0000] {processor.py:840} INFO - DAG(s) 'etl_banking_dag' retrieved from /opt/airflow/dags/etl_banking_dag.py
[2025-10-08T08:45:51.043+0000] {logging_mixin.py:188} INFO - [2025-10-08T08:45:51.043+0000] {dag.py:3096} INFO - Sync 1 DAGs
[2025-10-08T08:45:51.059+0000] {logging_mixin.py:188} INFO - [2025-10-08T08:45:51.058+0000] {dag.py:3954} INFO - Setting next_dagrun for etl_banking_dag to None, run_after=None
[2025-10-08T08:45:51.091+0000] {processor.py:183} INFO - Processing /opt/airflow/dags/etl_banking_dag.py took 0.116 seconds
[2025-10-08T08:46:21.801+0000] {processor.py:161} INFO - Started process (PID=4216) to work on /opt/airflow/dags/etl_banking_dag.py
[2025-10-08T08:46:21.803+0000] {processor.py:830} INFO - Processing file /opt/airflow/dags/etl_banking_dag.py for tasks to queue
[2025-10-08T08:46:21.806+0000] {logging_mixin.py:188} INFO - [2025-10-08T08:46:21.806+0000] {dagbag.py:545} INFO - Filling up the DagBag from /opt/airflow/dags/etl_banking_dag.py
[2025-10-08T08:46:21.861+0000] {processor.py:840} INFO - DAG(s) 'etl_banking_dag' retrieved from /opt/airflow/dags/etl_banking_dag.py
[2025-10-08T08:46:21.887+0000] {logging_mixin.py:188} INFO - [2025-10-08T08:46:21.886+0000] {dag.py:3096} INFO - Sync 1 DAGs
[2025-10-08T08:46:21.914+0000] {logging_mixin.py:188} INFO - [2025-10-08T08:46:21.914+0000] {dag.py:3954} INFO - Setting next_dagrun for etl_banking_dag to None, run_after=None
[2025-10-08T08:46:21.944+0000] {processor.py:183} INFO - Processing /opt/airflow/dags/etl_banking_dag.py took 0.157 seconds
[2025-10-08T08:46:52.233+0000] {processor.py:161} INFO - Started process (PID=4275) to work on /opt/airflow/dags/etl_banking_dag.py
[2025-10-08T08:46:52.235+0000] {processor.py:830} INFO - Processing file /opt/airflow/dags/etl_banking_dag.py for tasks to queue
[2025-10-08T08:46:52.240+0000] {logging_mixin.py:188} INFO - [2025-10-08T08:46:52.240+0000] {dagbag.py:545} INFO - Filling up the DagBag from /opt/airflow/dags/etl_banking_dag.py
[2025-10-08T08:46:52.285+0000] {processor.py:840} INFO - DAG(s) 'etl_banking_dag' retrieved from /opt/airflow/dags/etl_banking_dag.py
[2025-10-08T08:46:52.314+0000] {logging_mixin.py:188} INFO - [2025-10-08T08:46:52.314+0000] {dag.py:3096} INFO - Sync 1 DAGs
[2025-10-08T08:46:52.331+0000] {logging_mixin.py:188} INFO - [2025-10-08T08:46:52.331+0000] {dag.py:3954} INFO - Setting next_dagrun for etl_banking_dag to None, run_after=None
[2025-10-08T08:46:52.366+0000] {processor.py:183} INFO - Processing /opt/airflow/dags/etl_banking_dag.py took 0.141 seconds
[2025-10-08T08:47:22.709+0000] {processor.py:161} INFO - Started process (PID=4334) to work on /opt/airflow/dags/etl_banking_dag.py
[2025-10-08T08:47:22.710+0000] {processor.py:830} INFO - Processing file /opt/airflow/dags/etl_banking_dag.py for tasks to queue
[2025-10-08T08:47:22.713+0000] {logging_mixin.py:188} INFO - [2025-10-08T08:47:22.712+0000] {dagbag.py:545} INFO - Filling up the DagBag from /opt/airflow/dags/etl_banking_dag.py
[2025-10-08T08:47:22.754+0000] {processor.py:840} INFO - DAG(s) 'etl_banking_dag' retrieved from /opt/airflow/dags/etl_banking_dag.py
[2025-10-08T08:47:22.787+0000] {logging_mixin.py:188} INFO - [2025-10-08T08:47:22.786+0000] {dag.py:3096} INFO - Sync 1 DAGs
[2025-10-08T08:47:22.802+0000] {logging_mixin.py:188} INFO - [2025-10-08T08:47:22.802+0000] {dag.py:3954} INFO - Setting next_dagrun for etl_banking_dag to None, run_after=None
[2025-10-08T08:47:22.831+0000] {processor.py:183} INFO - Processing /opt/airflow/dags/etl_banking_dag.py took 0.129 seconds
[2025-10-08T08:47:53.029+0000] {processor.py:161} INFO - Started process (PID=4393) to work on /opt/airflow/dags/etl_banking_dag.py
[2025-10-08T08:47:53.031+0000] {processor.py:830} INFO - Processing file /opt/airflow/dags/etl_banking_dag.py for tasks to queue
[2025-10-08T08:47:53.034+0000] {logging_mixin.py:188} INFO - [2025-10-08T08:47:53.034+0000] {dagbag.py:545} INFO - Filling up the DagBag from /opt/airflow/dags/etl_banking_dag.py
[2025-10-08T08:47:53.069+0000] {processor.py:840} INFO - DAG(s) 'etl_banking_dag' retrieved from /opt/airflow/dags/etl_banking_dag.py
[2025-10-08T08:47:53.101+0000] {logging_mixin.py:188} INFO - [2025-10-08T08:47:53.101+0000] {dag.py:3096} INFO - Sync 1 DAGs
[2025-10-08T08:47:53.121+0000] {logging_mixin.py:188} INFO - [2025-10-08T08:47:53.120+0000] {dag.py:3954} INFO - Setting next_dagrun for etl_banking_dag to None, run_after=None
[2025-10-08T08:47:53.157+0000] {processor.py:183} INFO - Processing /opt/airflow/dags/etl_banking_dag.py took 0.135 seconds
[2025-10-08T08:48:23.789+0000] {processor.py:161} INFO - Started process (PID=4452) to work on /opt/airflow/dags/etl_banking_dag.py
[2025-10-08T08:48:23.790+0000] {processor.py:830} INFO - Processing file /opt/airflow/dags/etl_banking_dag.py for tasks to queue
[2025-10-08T08:48:23.794+0000] {logging_mixin.py:188} INFO - [2025-10-08T08:48:23.793+0000] {dagbag.py:545} INFO - Filling up the DagBag from /opt/airflow/dags/etl_banking_dag.py
[2025-10-08T08:48:23.828+0000] {processor.py:840} INFO - DAG(s) 'etl_banking_dag' retrieved from /opt/airflow/dags/etl_banking_dag.py
[2025-10-08T08:48:23.857+0000] {logging_mixin.py:188} INFO - [2025-10-08T08:48:23.857+0000] {dag.py:3096} INFO - Sync 1 DAGs
[2025-10-08T08:48:23.877+0000] {logging_mixin.py:188} INFO - [2025-10-08T08:48:23.877+0000] {dag.py:3954} INFO - Setting next_dagrun for etl_banking_dag to None, run_after=None
[2025-10-08T08:48:23.908+0000] {processor.py:183} INFO - Processing /opt/airflow/dags/etl_banking_dag.py took 0.129 seconds
[2025-10-08T08:48:54.939+0000] {processor.py:161} INFO - Started process (PID=4511) to work on /opt/airflow/dags/etl_banking_dag.py
[2025-10-08T08:48:54.940+0000] {processor.py:830} INFO - Processing file /opt/airflow/dags/etl_banking_dag.py for tasks to queue
[2025-10-08T08:48:54.943+0000] {logging_mixin.py:188} INFO - [2025-10-08T08:48:54.943+0000] {dagbag.py:545} INFO - Filling up the DagBag from /opt/airflow/dags/etl_banking_dag.py
[2025-10-08T08:48:54.963+0000] {processor.py:840} INFO - DAG(s) 'etl_banking_dag' retrieved from /opt/airflow/dags/etl_banking_dag.py
[2025-10-08T08:48:54.987+0000] {logging_mixin.py:188} INFO - [2025-10-08T08:48:54.987+0000] {dag.py:3096} INFO - Sync 1 DAGs
[2025-10-08T08:48:55.001+0000] {logging_mixin.py:188} INFO - [2025-10-08T08:48:55.000+0000] {dag.py:3954} INFO - Setting next_dagrun for etl_banking_dag to None, run_after=None
[2025-10-08T08:48:55.025+0000] {processor.py:183} INFO - Processing /opt/airflow/dags/etl_banking_dag.py took 0.094 seconds
[2025-10-08T08:49:25.273+0000] {processor.py:161} INFO - Started process (PID=4570) to work on /opt/airflow/dags/etl_banking_dag.py
[2025-10-08T08:49:25.274+0000] {processor.py:830} INFO - Processing file /opt/airflow/dags/etl_banking_dag.py for tasks to queue
[2025-10-08T08:49:25.276+0000] {logging_mixin.py:188} INFO - [2025-10-08T08:49:25.276+0000] {dagbag.py:545} INFO - Filling up the DagBag from /opt/airflow/dags/etl_banking_dag.py
[2025-10-08T08:49:25.300+0000] {processor.py:840} INFO - DAG(s) 'etl_banking_dag' retrieved from /opt/airflow/dags/etl_banking_dag.py
[2025-10-08T08:49:25.322+0000] {logging_mixin.py:188} INFO - [2025-10-08T08:49:25.322+0000] {dag.py:3096} INFO - Sync 1 DAGs
[2025-10-08T08:49:25.336+0000] {logging_mixin.py:188} INFO - [2025-10-08T08:49:25.336+0000] {dag.py:3954} INFO - Setting next_dagrun for etl_banking_dag to None, run_after=None
[2025-10-08T08:49:25.360+0000] {processor.py:183} INFO - Processing /opt/airflow/dags/etl_banking_dag.py took 0.094 seconds
[2025-10-08T08:49:55.459+0000] {processor.py:161} INFO - Started process (PID=4629) to work on /opt/airflow/dags/etl_banking_dag.py
[2025-10-08T08:49:55.460+0000] {processor.py:830} INFO - Processing file /opt/airflow/dags/etl_banking_dag.py for tasks to queue
[2025-10-08T08:49:55.462+0000] {logging_mixin.py:188} INFO - [2025-10-08T08:49:55.462+0000] {dagbag.py:545} INFO - Filling up the DagBag from /opt/airflow/dags/etl_banking_dag.py
[2025-10-08T08:49:55.498+0000] {processor.py:840} INFO - DAG(s) 'etl_banking_dag' retrieved from /opt/airflow/dags/etl_banking_dag.py
[2025-10-08T08:49:55.527+0000] {logging_mixin.py:188} INFO - [2025-10-08T08:49:55.526+0000] {dag.py:3096} INFO - Sync 1 DAGs
[2025-10-08T08:49:55.540+0000] {logging_mixin.py:188} INFO - [2025-10-08T08:49:55.540+0000] {dag.py:3954} INFO - Setting next_dagrun for etl_banking_dag to None, run_after=None
[2025-10-08T08:49:55.569+0000] {processor.py:183} INFO - Processing /opt/airflow/dags/etl_banking_dag.py took 0.118 seconds
[2025-10-08T08:50:25.958+0000] {processor.py:161} INFO - Started process (PID=4688) to work on /opt/airflow/dags/etl_banking_dag.py
[2025-10-08T08:50:25.960+0000] {processor.py:830} INFO - Processing file /opt/airflow/dags/etl_banking_dag.py for tasks to queue
[2025-10-08T08:50:25.962+0000] {logging_mixin.py:188} INFO - [2025-10-08T08:50:25.962+0000] {dagbag.py:545} INFO - Filling up the DagBag from /opt/airflow/dags/etl_banking_dag.py
[2025-10-08T08:50:26.008+0000] {processor.py:840} INFO - DAG(s) 'etl_banking_dag' retrieved from /opt/airflow/dags/etl_banking_dag.py
[2025-10-08T08:50:26.034+0000] {logging_mixin.py:188} INFO - [2025-10-08T08:50:26.033+0000] {dag.py:3096} INFO - Sync 1 DAGs
[2025-10-08T08:50:26.047+0000] {logging_mixin.py:188} INFO - [2025-10-08T08:50:26.047+0000] {dag.py:3954} INFO - Setting next_dagrun for etl_banking_dag to None, run_after=None
[2025-10-08T08:50:26.075+0000] {processor.py:183} INFO - Processing /opt/airflow/dags/etl_banking_dag.py took 0.126 seconds
[2025-10-08T08:50:56.291+0000] {processor.py:161} INFO - Started process (PID=4747) to work on /opt/airflow/dags/etl_banking_dag.py
[2025-10-08T08:50:56.293+0000] {processor.py:830} INFO - Processing file /opt/airflow/dags/etl_banking_dag.py for tasks to queue
[2025-10-08T08:50:56.296+0000] {logging_mixin.py:188} INFO - [2025-10-08T08:50:56.296+0000] {dagbag.py:545} INFO - Filling up the DagBag from /opt/airflow/dags/etl_banking_dag.py
[2025-10-08T08:50:56.332+0000] {processor.py:840} INFO - DAG(s) 'etl_banking_dag' retrieved from /opt/airflow/dags/etl_banking_dag.py
[2025-10-08T08:50:56.356+0000] {logging_mixin.py:188} INFO - [2025-10-08T08:50:56.356+0000] {dag.py:3096} INFO - Sync 1 DAGs
[2025-10-08T08:50:56.369+0000] {logging_mixin.py:188} INFO - [2025-10-08T08:50:56.369+0000] {dag.py:3954} INFO - Setting next_dagrun for etl_banking_dag to None, run_after=None
[2025-10-08T08:50:56.396+0000] {processor.py:183} INFO - Processing /opt/airflow/dags/etl_banking_dag.py took 0.113 seconds
[2025-10-08T08:52:21.797+0000] {processor.py:161} INFO - Started process (PID=65) to work on /opt/airflow/dags/etl_banking_dag.py
[2025-10-08T08:52:21.800+0000] {processor.py:830} INFO - Processing file /opt/airflow/dags/etl_banking_dag.py for tasks to queue
[2025-10-08T08:52:21.812+0000] {logging_mixin.py:188} INFO - [2025-10-08T08:52:21.811+0000] {dagbag.py:545} INFO - Filling up the DagBag from /opt/airflow/dags/etl_banking_dag.py
[2025-10-08T08:52:21.887+0000] {processor.py:840} INFO - DAG(s) 'etl_banking_dag' retrieved from /opt/airflow/dags/etl_banking_dag.py
[2025-10-08T08:52:22.476+0000] {logging_mixin.py:188} INFO - [2025-10-08T08:52:22.476+0000] {dag.py:3096} INFO - Sync 1 DAGs
[2025-10-08T08:52:22.503+0000] {logging_mixin.py:188} INFO - [2025-10-08T08:52:22.503+0000] {dag.py:3954} INFO - Setting next_dagrun for etl_banking_dag to None, run_after=None
[2025-10-08T08:52:22.552+0000] {processor.py:183} INFO - Processing /opt/airflow/dags/etl_banking_dag.py took 0.784 seconds
[2025-10-08T08:52:52.762+0000] {processor.py:161} INFO - Started process (PID=124) to work on /opt/airflow/dags/etl_banking_dag.py
[2025-10-08T08:52:52.764+0000] {processor.py:830} INFO - Processing file /opt/airflow/dags/etl_banking_dag.py for tasks to queue
[2025-10-08T08:52:52.768+0000] {logging_mixin.py:188} INFO - [2025-10-08T08:52:52.767+0000] {dagbag.py:545} INFO - Filling up the DagBag from /opt/airflow/dags/etl_banking_dag.py
[2025-10-08T08:52:52.800+0000] {processor.py:840} INFO - DAG(s) 'etl_banking_dag' retrieved from /opt/airflow/dags/etl_banking_dag.py
[2025-10-08T08:52:52.828+0000] {logging_mixin.py:188} INFO - [2025-10-08T08:52:52.828+0000] {dag.py:3096} INFO - Sync 1 DAGs
[2025-10-08T08:52:52.844+0000] {logging_mixin.py:188} INFO - [2025-10-08T08:52:52.844+0000] {dag.py:3954} INFO - Setting next_dagrun for etl_banking_dag to None, run_after=None
[2025-10-08T08:52:52.873+0000] {processor.py:183} INFO - Processing /opt/airflow/dags/etl_banking_dag.py took 0.119 seconds
[2025-10-08T08:53:23.708+0000] {processor.py:161} INFO - Started process (PID=183) to work on /opt/airflow/dags/etl_banking_dag.py
[2025-10-08T08:53:23.729+0000] {processor.py:830} INFO - Processing file /opt/airflow/dags/etl_banking_dag.py for tasks to queue
[2025-10-08T08:53:23.732+0000] {logging_mixin.py:188} INFO - [2025-10-08T08:53:23.732+0000] {dagbag.py:545} INFO - Filling up the DagBag from /opt/airflow/dags/etl_banking_dag.py
[2025-10-08T08:53:23.776+0000] {processor.py:840} INFO - DAG(s) 'etl_banking_dag' retrieved from /opt/airflow/dags/etl_banking_dag.py
[2025-10-08T08:53:23.805+0000] {logging_mixin.py:188} INFO - [2025-10-08T08:53:23.805+0000] {dag.py:3096} INFO - Sync 1 DAGs
[2025-10-08T08:53:23.823+0000] {logging_mixin.py:188} INFO - [2025-10-08T08:53:23.822+0000] {dag.py:3954} INFO - Setting next_dagrun for etl_banking_dag to None, run_after=None
[2025-10-08T08:53:23.869+0000] {processor.py:183} INFO - Processing /opt/airflow/dags/etl_banking_dag.py took 0.168 seconds
[2025-10-08T08:53:54.154+0000] {processor.py:161} INFO - Started process (PID=242) to work on /opt/airflow/dags/etl_banking_dag.py
[2025-10-08T08:53:54.155+0000] {processor.py:830} INFO - Processing file /opt/airflow/dags/etl_banking_dag.py for tasks to queue
[2025-10-08T08:53:54.158+0000] {logging_mixin.py:188} INFO - [2025-10-08T08:53:54.158+0000] {dagbag.py:545} INFO - Filling up the DagBag from /opt/airflow/dags/etl_banking_dag.py
[2025-10-08T08:53:54.190+0000] {processor.py:840} INFO - DAG(s) 'etl_banking_dag' retrieved from /opt/airflow/dags/etl_banking_dag.py
[2025-10-08T08:53:54.216+0000] {logging_mixin.py:188} INFO - [2025-10-08T08:53:54.216+0000] {dag.py:3096} INFO - Sync 1 DAGs
[2025-10-08T08:53:54.232+0000] {logging_mixin.py:188} INFO - [2025-10-08T08:53:54.232+0000] {dag.py:3954} INFO - Setting next_dagrun for etl_banking_dag to None, run_after=None
[2025-10-08T08:53:54.664+0000] {processor.py:183} INFO - Processing /opt/airflow/dags/etl_banking_dag.py took 0.518 seconds
[2025-10-08T08:54:25.078+0000] {processor.py:161} INFO - Started process (PID=301) to work on /opt/airflow/dags/etl_banking_dag.py
[2025-10-08T08:54:25.082+0000] {processor.py:830} INFO - Processing file /opt/airflow/dags/etl_banking_dag.py for tasks to queue
[2025-10-08T08:54:25.088+0000] {logging_mixin.py:188} INFO - [2025-10-08T08:54:25.087+0000] {dagbag.py:545} INFO - Filling up the DagBag from /opt/airflow/dags/etl_banking_dag.py
[2025-10-08T08:54:25.125+0000] {processor.py:840} INFO - DAG(s) 'etl_banking_dag' retrieved from /opt/airflow/dags/etl_banking_dag.py
[2025-10-08T08:54:25.152+0000] {logging_mixin.py:188} INFO - [2025-10-08T08:54:25.151+0000] {dag.py:3096} INFO - Sync 1 DAGs
[2025-10-08T08:54:25.169+0000] {logging_mixin.py:188} INFO - [2025-10-08T08:54:25.168+0000] {dag.py:3954} INFO - Setting next_dagrun for etl_banking_dag to None, run_after=None
[2025-10-08T08:54:25.199+0000] {processor.py:183} INFO - Processing /opt/airflow/dags/etl_banking_dag.py took 0.147 seconds
[2025-10-08T08:54:55.309+0000] {processor.py:161} INFO - Started process (PID=360) to work on /opt/airflow/dags/etl_banking_dag.py
[2025-10-08T08:54:55.310+0000] {processor.py:830} INFO - Processing file /opt/airflow/dags/etl_banking_dag.py for tasks to queue
[2025-10-08T08:54:55.313+0000] {logging_mixin.py:188} INFO - [2025-10-08T08:54:55.313+0000] {dagbag.py:545} INFO - Filling up the DagBag from /opt/airflow/dags/etl_banking_dag.py
[2025-10-08T08:54:55.346+0000] {processor.py:840} INFO - DAG(s) 'etl_banking_dag' retrieved from /opt/airflow/dags/etl_banking_dag.py
[2025-10-08T08:54:55.381+0000] {logging_mixin.py:188} INFO - [2025-10-08T08:54:55.380+0000] {dag.py:3096} INFO - Sync 1 DAGs
[2025-10-08T08:54:55.399+0000] {logging_mixin.py:188} INFO - [2025-10-08T08:54:55.398+0000] {dag.py:3954} INFO - Setting next_dagrun for etl_banking_dag to None, run_after=None
[2025-10-08T08:54:55.424+0000] {processor.py:183} INFO - Processing /opt/airflow/dags/etl_banking_dag.py took 0.122 seconds
[2025-10-08T08:55:25.754+0000] {processor.py:161} INFO - Started process (PID=419) to work on /opt/airflow/dags/etl_banking_dag.py
[2025-10-08T08:55:25.764+0000] {processor.py:830} INFO - Processing file /opt/airflow/dags/etl_banking_dag.py for tasks to queue
[2025-10-08T08:55:25.792+0000] {logging_mixin.py:188} INFO - [2025-10-08T08:55:25.790+0000] {dagbag.py:545} INFO - Filling up the DagBag from /opt/airflow/dags/etl_banking_dag.py
[2025-10-08T08:55:25.890+0000] {processor.py:840} INFO - DAG(s) 'etl_banking_dag' retrieved from /opt/airflow/dags/etl_banking_dag.py
[2025-10-08T08:55:25.997+0000] {logging_mixin.py:188} INFO - [2025-10-08T08:55:25.996+0000] {dag.py:3096} INFO - Sync 1 DAGs
[2025-10-08T08:55:26.063+0000] {logging_mixin.py:188} INFO - [2025-10-08T08:55:26.063+0000] {dag.py:3954} INFO - Setting next_dagrun for etl_banking_dag to None, run_after=None
[2025-10-08T08:55:26.156+0000] {processor.py:183} INFO - Processing /opt/airflow/dags/etl_banking_dag.py took 0.439 seconds
[2025-10-08T08:55:56.690+0000] {processor.py:161} INFO - Started process (PID=478) to work on /opt/airflow/dags/etl_banking_dag.py
[2025-10-08T08:55:56.696+0000] {processor.py:830} INFO - Processing file /opt/airflow/dags/etl_banking_dag.py for tasks to queue
[2025-10-08T08:55:56.709+0000] {logging_mixin.py:188} INFO - [2025-10-08T08:55:56.708+0000] {dagbag.py:545} INFO - Filling up the DagBag from /opt/airflow/dags/etl_banking_dag.py
[2025-10-08T08:55:56.819+0000] {processor.py:840} INFO - DAG(s) 'etl_banking_dag' retrieved from /opt/airflow/dags/etl_banking_dag.py
[2025-10-08T08:55:56.917+0000] {logging_mixin.py:188} INFO - [2025-10-08T08:55:56.916+0000] {dag.py:3096} INFO - Sync 1 DAGs
[2025-10-08T08:55:56.944+0000] {logging_mixin.py:188} INFO - [2025-10-08T08:55:56.943+0000] {dag.py:3954} INFO - Setting next_dagrun for etl_banking_dag to None, run_after=None
[2025-10-08T08:55:56.999+0000] {processor.py:183} INFO - Processing /opt/airflow/dags/etl_banking_dag.py took 0.323 seconds
[2025-10-08T08:56:27.415+0000] {processor.py:161} INFO - Started process (PID=537) to work on /opt/airflow/dags/etl_banking_dag.py
[2025-10-08T08:56:27.418+0000] {processor.py:830} INFO - Processing file /opt/airflow/dags/etl_banking_dag.py for tasks to queue
[2025-10-08T08:56:27.423+0000] {logging_mixin.py:188} INFO - [2025-10-08T08:56:27.423+0000] {dagbag.py:545} INFO - Filling up the DagBag from /opt/airflow/dags/etl_banking_dag.py
[2025-10-08T08:56:27.458+0000] {processor.py:840} INFO - DAG(s) 'etl_banking_dag' retrieved from /opt/airflow/dags/etl_banking_dag.py
[2025-10-08T08:56:27.492+0000] {logging_mixin.py:188} INFO - [2025-10-08T08:56:27.491+0000] {dag.py:3096} INFO - Sync 1 DAGs
[2025-10-08T08:56:27.514+0000] {logging_mixin.py:188} INFO - [2025-10-08T08:56:27.513+0000] {dag.py:3954} INFO - Setting next_dagrun for etl_banking_dag to None, run_after=None
[2025-10-08T08:56:27.542+0000] {processor.py:183} INFO - Processing /opt/airflow/dags/etl_banking_dag.py took 0.149 seconds
[2025-10-08T08:56:57.854+0000] {processor.py:161} INFO - Started process (PID=596) to work on /opt/airflow/dags/etl_banking_dag.py
[2025-10-08T08:56:57.857+0000] {processor.py:830} INFO - Processing file /opt/airflow/dags/etl_banking_dag.py for tasks to queue
[2025-10-08T08:56:57.862+0000] {logging_mixin.py:188} INFO - [2025-10-08T08:56:57.861+0000] {dagbag.py:545} INFO - Filling up the DagBag from /opt/airflow/dags/etl_banking_dag.py
[2025-10-08T08:56:57.898+0000] {processor.py:840} INFO - DAG(s) 'etl_banking_dag' retrieved from /opt/airflow/dags/etl_banking_dag.py
[2025-10-08T08:56:57.926+0000] {logging_mixin.py:188} INFO - [2025-10-08T08:56:57.926+0000] {dag.py:3096} INFO - Sync 1 DAGs
[2025-10-08T08:56:57.942+0000] {logging_mixin.py:188} INFO - [2025-10-08T08:56:57.942+0000] {dag.py:3954} INFO - Setting next_dagrun for etl_banking_dag to None, run_after=None
[2025-10-08T08:56:57.968+0000] {processor.py:183} INFO - Processing /opt/airflow/dags/etl_banking_dag.py took 0.125 seconds
[2025-10-08T08:57:28.399+0000] {processor.py:161} INFO - Started process (PID=655) to work on /opt/airflow/dags/etl_banking_dag.py
[2025-10-08T08:57:28.402+0000] {processor.py:830} INFO - Processing file /opt/airflow/dags/etl_banking_dag.py for tasks to queue
[2025-10-08T08:57:28.406+0000] {logging_mixin.py:188} INFO - [2025-10-08T08:57:28.405+0000] {dagbag.py:545} INFO - Filling up the DagBag from /opt/airflow/dags/etl_banking_dag.py
[2025-10-08T08:57:28.445+0000] {processor.py:840} INFO - DAG(s) 'etl_banking_dag' retrieved from /opt/airflow/dags/etl_banking_dag.py
[2025-10-08T08:57:28.473+0000] {logging_mixin.py:188} INFO - [2025-10-08T08:57:28.472+0000] {dag.py:3096} INFO - Sync 1 DAGs
[2025-10-08T08:57:28.488+0000] {logging_mixin.py:188} INFO - [2025-10-08T08:57:28.487+0000] {dag.py:3954} INFO - Setting next_dagrun for etl_banking_dag to None, run_after=None
[2025-10-08T08:57:28.535+0000] {processor.py:183} INFO - Processing /opt/airflow/dags/etl_banking_dag.py took 0.148 seconds
[2025-10-08T08:57:58.626+0000] {processor.py:161} INFO - Started process (PID=714) to work on /opt/airflow/dags/etl_banking_dag.py
[2025-10-08T08:57:58.627+0000] {processor.py:830} INFO - Processing file /opt/airflow/dags/etl_banking_dag.py for tasks to queue
[2025-10-08T08:57:58.632+0000] {logging_mixin.py:188} INFO - [2025-10-08T08:57:58.631+0000] {dagbag.py:545} INFO - Filling up the DagBag from /opt/airflow/dags/etl_banking_dag.py
[2025-10-08T08:57:58.684+0000] {processor.py:840} INFO - DAG(s) 'etl_banking_dag' retrieved from /opt/airflow/dags/etl_banking_dag.py
[2025-10-08T08:57:58.715+0000] {logging_mixin.py:188} INFO - [2025-10-08T08:57:58.715+0000] {dag.py:3096} INFO - Sync 1 DAGs
[2025-10-08T08:57:58.730+0000] {logging_mixin.py:188} INFO - [2025-10-08T08:57:58.730+0000] {dag.py:3954} INFO - Setting next_dagrun for etl_banking_dag to None, run_after=None
[2025-10-08T08:57:58.752+0000] {processor.py:183} INFO - Processing /opt/airflow/dags/etl_banking_dag.py took 0.137 seconds
[2025-10-08T08:58:29.019+0000] {processor.py:161} INFO - Started process (PID=773) to work on /opt/airflow/dags/etl_banking_dag.py
[2025-10-08T08:58:29.021+0000] {processor.py:830} INFO - Processing file /opt/airflow/dags/etl_banking_dag.py for tasks to queue
[2025-10-08T08:58:29.026+0000] {logging_mixin.py:188} INFO - [2025-10-08T08:58:29.025+0000] {dagbag.py:545} INFO - Filling up the DagBag from /opt/airflow/dags/etl_banking_dag.py
[2025-10-08T08:58:29.097+0000] {processor.py:840} INFO - DAG(s) 'etl_banking_dag' retrieved from /opt/airflow/dags/etl_banking_dag.py
[2025-10-08T08:58:29.136+0000] {logging_mixin.py:188} INFO - [2025-10-08T08:58:29.136+0000] {dag.py:3096} INFO - Sync 1 DAGs
[2025-10-08T08:58:29.154+0000] {logging_mixin.py:188} INFO - [2025-10-08T08:58:29.154+0000] {dag.py:3954} INFO - Setting next_dagrun for etl_banking_dag to None, run_after=None
[2025-10-08T08:58:29.182+0000] {processor.py:183} INFO - Processing /opt/airflow/dags/etl_banking_dag.py took 0.177 seconds
[2025-10-08T08:58:59.430+0000] {processor.py:161} INFO - Started process (PID=832) to work on /opt/airflow/dags/etl_banking_dag.py
[2025-10-08T08:58:59.432+0000] {processor.py:830} INFO - Processing file /opt/airflow/dags/etl_banking_dag.py for tasks to queue
[2025-10-08T08:58:59.434+0000] {logging_mixin.py:188} INFO - [2025-10-08T08:58:59.434+0000] {dagbag.py:545} INFO - Filling up the DagBag from /opt/airflow/dags/etl_banking_dag.py
[2025-10-08T08:58:59.470+0000] {processor.py:840} INFO - DAG(s) 'etl_banking_dag' retrieved from /opt/airflow/dags/etl_banking_dag.py
[2025-10-08T08:58:59.497+0000] {logging_mixin.py:188} INFO - [2025-10-08T08:58:59.497+0000] {dag.py:3096} INFO - Sync 1 DAGs
[2025-10-08T08:58:59.512+0000] {logging_mixin.py:188} INFO - [2025-10-08T08:58:59.512+0000] {dag.py:3954} INFO - Setting next_dagrun for etl_banking_dag to None, run_after=None
[2025-10-08T08:58:59.540+0000] {processor.py:183} INFO - Processing /opt/airflow/dags/etl_banking_dag.py took 0.118 seconds
[2025-10-08T08:59:29.668+0000] {processor.py:161} INFO - Started process (PID=891) to work on /opt/airflow/dags/etl_banking_dag.py
[2025-10-08T08:59:29.670+0000] {processor.py:830} INFO - Processing file /opt/airflow/dags/etl_banking_dag.py for tasks to queue
[2025-10-08T08:59:29.672+0000] {logging_mixin.py:188} INFO - [2025-10-08T08:59:29.672+0000] {dagbag.py:545} INFO - Filling up the DagBag from /opt/airflow/dags/etl_banking_dag.py
[2025-10-08T08:59:29.703+0000] {processor.py:840} INFO - DAG(s) 'etl_banking_dag' retrieved from /opt/airflow/dags/etl_banking_dag.py
[2025-10-08T08:59:29.729+0000] {logging_mixin.py:188} INFO - [2025-10-08T08:59:29.728+0000] {dag.py:3096} INFO - Sync 1 DAGs
[2025-10-08T08:59:29.744+0000] {logging_mixin.py:188} INFO - [2025-10-08T08:59:29.743+0000] {dag.py:3954} INFO - Setting next_dagrun for etl_banking_dag to None, run_after=None
[2025-10-08T08:59:29.772+0000] {processor.py:183} INFO - Processing /opt/airflow/dags/etl_banking_dag.py took 0.110 seconds
[2025-10-08T08:59:59.929+0000] {processor.py:161} INFO - Started process (PID=950) to work on /opt/airflow/dags/etl_banking_dag.py
[2025-10-08T08:59:59.935+0000] {processor.py:830} INFO - Processing file /opt/airflow/dags/etl_banking_dag.py for tasks to queue
[2025-10-08T08:59:59.943+0000] {logging_mixin.py:188} INFO - [2025-10-08T08:59:59.942+0000] {dagbag.py:545} INFO - Filling up the DagBag from /opt/airflow/dags/etl_banking_dag.py
[2025-10-08T08:59:59.978+0000] {processor.py:840} INFO - DAG(s) 'etl_banking_dag' retrieved from /opt/airflow/dags/etl_banking_dag.py
[2025-10-08T09:00:00.014+0000] {logging_mixin.py:188} INFO - [2025-10-08T09:00:00.013+0000] {dag.py:3096} INFO - Sync 1 DAGs
[2025-10-08T09:00:00.037+0000] {logging_mixin.py:188} INFO - [2025-10-08T09:00:00.037+0000] {dag.py:3954} INFO - Setting next_dagrun for etl_banking_dag to None, run_after=None
[2025-10-08T09:00:00.068+0000] {processor.py:183} INFO - Processing /opt/airflow/dags/etl_banking_dag.py took 0.153 seconds
[2025-10-08T09:00:30.372+0000] {processor.py:161} INFO - Started process (PID=1009) to work on /opt/airflow/dags/etl_banking_dag.py
[2025-10-08T09:00:30.374+0000] {processor.py:830} INFO - Processing file /opt/airflow/dags/etl_banking_dag.py for tasks to queue
[2025-10-08T09:00:30.383+0000] {logging_mixin.py:188} INFO - [2025-10-08T09:00:30.382+0000] {dagbag.py:545} INFO - Filling up the DagBag from /opt/airflow/dags/etl_banking_dag.py
[2025-10-08T09:00:30.453+0000] {processor.py:840} INFO - DAG(s) 'etl_banking_dag' retrieved from /opt/airflow/dags/etl_banking_dag.py
[2025-10-08T09:00:30.496+0000] {logging_mixin.py:188} INFO - [2025-10-08T09:00:30.495+0000] {dag.py:3096} INFO - Sync 1 DAGs
[2025-10-08T09:00:30.531+0000] {logging_mixin.py:188} INFO - [2025-10-08T09:00:30.530+0000] {dag.py:3954} INFO - Setting next_dagrun for etl_banking_dag to None, run_after=None
[2025-10-08T09:00:30.583+0000] {processor.py:183} INFO - Processing /opt/airflow/dags/etl_banking_dag.py took 0.221 seconds
[2025-10-08T09:01:00.770+0000] {processor.py:161} INFO - Started process (PID=1068) to work on /opt/airflow/dags/etl_banking_dag.py
[2025-10-08T09:01:00.772+0000] {processor.py:830} INFO - Processing file /opt/airflow/dags/etl_banking_dag.py for tasks to queue
[2025-10-08T09:01:00.774+0000] {logging_mixin.py:188} INFO - [2025-10-08T09:01:00.774+0000] {dagbag.py:545} INFO - Filling up the DagBag from /opt/airflow/dags/etl_banking_dag.py
[2025-10-08T09:01:00.806+0000] {processor.py:840} INFO - DAG(s) 'etl_banking_dag' retrieved from /opt/airflow/dags/etl_banking_dag.py
[2025-10-08T09:01:00.830+0000] {logging_mixin.py:188} INFO - [2025-10-08T09:01:00.829+0000] {dag.py:3096} INFO - Sync 1 DAGs
[2025-10-08T09:01:00.845+0000] {logging_mixin.py:188} INFO - [2025-10-08T09:01:00.845+0000] {dag.py:3954} INFO - Setting next_dagrun for etl_banking_dag to None, run_after=None
[2025-10-08T09:01:00.869+0000] {processor.py:183} INFO - Processing /opt/airflow/dags/etl_banking_dag.py took 0.108 seconds
[2025-10-08T09:01:31.101+0000] {processor.py:161} INFO - Started process (PID=1127) to work on /opt/airflow/dags/etl_banking_dag.py
[2025-10-08T09:01:31.103+0000] {processor.py:830} INFO - Processing file /opt/airflow/dags/etl_banking_dag.py for tasks to queue
[2025-10-08T09:01:31.107+0000] {logging_mixin.py:188} INFO - [2025-10-08T09:01:31.106+0000] {dagbag.py:545} INFO - Filling up the DagBag from /opt/airflow/dags/etl_banking_dag.py
[2025-10-08T09:01:31.140+0000] {processor.py:840} INFO - DAG(s) 'etl_banking_dag' retrieved from /opt/airflow/dags/etl_banking_dag.py
[2025-10-08T09:01:31.162+0000] {logging_mixin.py:188} INFO - [2025-10-08T09:01:31.162+0000] {dag.py:3096} INFO - Sync 1 DAGs
[2025-10-08T09:01:31.177+0000] {logging_mixin.py:188} INFO - [2025-10-08T09:01:31.176+0000] {dag.py:3954} INFO - Setting next_dagrun for etl_banking_dag to None, run_after=None
[2025-10-08T09:01:31.203+0000] {processor.py:183} INFO - Processing /opt/airflow/dags/etl_banking_dag.py took 0.112 seconds
[2025-10-08T09:02:01.608+0000] {processor.py:161} INFO - Started process (PID=1186) to work on /opt/airflow/dags/etl_banking_dag.py
[2025-10-08T09:02:01.610+0000] {processor.py:830} INFO - Processing file /opt/airflow/dags/etl_banking_dag.py for tasks to queue
[2025-10-08T09:02:01.613+0000] {logging_mixin.py:188} INFO - [2025-10-08T09:02:01.613+0000] {dagbag.py:545} INFO - Filling up the DagBag from /opt/airflow/dags/etl_banking_dag.py
[2025-10-08T09:02:01.632+0000] {processor.py:840} INFO - DAG(s) 'etl_banking_dag' retrieved from /opt/airflow/dags/etl_banking_dag.py
[2025-10-08T09:02:01.657+0000] {logging_mixin.py:188} INFO - [2025-10-08T09:02:01.656+0000] {dag.py:3096} INFO - Sync 1 DAGs
[2025-10-08T09:02:01.671+0000] {logging_mixin.py:188} INFO - [2025-10-08T09:02:01.671+0000] {dag.py:3954} INFO - Setting next_dagrun for etl_banking_dag to None, run_after=None
[2025-10-08T09:02:01.696+0000] {processor.py:183} INFO - Processing /opt/airflow/dags/etl_banking_dag.py took 0.094 seconds
[2025-10-08T09:02:31.821+0000] {processor.py:161} INFO - Started process (PID=1243) to work on /opt/airflow/dags/etl_banking_dag.py
[2025-10-08T09:02:31.823+0000] {processor.py:830} INFO - Processing file /opt/airflow/dags/etl_banking_dag.py for tasks to queue
[2025-10-08T09:02:31.827+0000] {logging_mixin.py:188} INFO - [2025-10-08T09:02:31.826+0000] {dagbag.py:545} INFO - Filling up the DagBag from /opt/airflow/dags/etl_banking_dag.py
[2025-10-08T09:02:31.848+0000] {processor.py:840} INFO - DAG(s) 'etl_banking_dag' retrieved from /opt/airflow/dags/etl_banking_dag.py
[2025-10-08T09:02:31.888+0000] {logging_mixin.py:188} INFO - [2025-10-08T09:02:31.887+0000] {dag.py:3096} INFO - Sync 1 DAGs
[2025-10-08T09:02:31.911+0000] {logging_mixin.py:188} INFO - [2025-10-08T09:02:31.910+0000] {dag.py:3954} INFO - Setting next_dagrun for etl_banking_dag to None, run_after=None
[2025-10-08T09:02:31.941+0000] {processor.py:183} INFO - Processing /opt/airflow/dags/etl_banking_dag.py took 0.129 seconds
[2025-10-08T09:03:02.074+0000] {processor.py:161} INFO - Started process (PID=1302) to work on /opt/airflow/dags/etl_banking_dag.py
[2025-10-08T09:03:02.077+0000] {processor.py:830} INFO - Processing file /opt/airflow/dags/etl_banking_dag.py for tasks to queue
[2025-10-08T09:03:02.081+0000] {logging_mixin.py:188} INFO - [2025-10-08T09:03:02.081+0000] {dagbag.py:545} INFO - Filling up the DagBag from /opt/airflow/dags/etl_banking_dag.py
[2025-10-08T09:03:02.143+0000] {processor.py:840} INFO - DAG(s) 'etl_banking_dag' retrieved from /opt/airflow/dags/etl_banking_dag.py
[2025-10-08T09:03:02.204+0000] {logging_mixin.py:188} INFO - [2025-10-08T09:03:02.204+0000] {dag.py:3096} INFO - Sync 1 DAGs
[2025-10-08T09:03:02.219+0000] {logging_mixin.py:188} INFO - [2025-10-08T09:03:02.219+0000] {dag.py:3954} INFO - Setting next_dagrun for etl_banking_dag to None, run_after=None
[2025-10-08T09:03:02.245+0000] {processor.py:183} INFO - Processing /opt/airflow/dags/etl_banking_dag.py took 0.184 seconds
[2025-10-08T09:03:32.506+0000] {processor.py:161} INFO - Started process (PID=1361) to work on /opt/airflow/dags/etl_banking_dag.py
[2025-10-08T09:03:32.510+0000] {processor.py:830} INFO - Processing file /opt/airflow/dags/etl_banking_dag.py for tasks to queue
[2025-10-08T09:03:32.519+0000] {logging_mixin.py:188} INFO - [2025-10-08T09:03:32.518+0000] {dagbag.py:545} INFO - Filling up the DagBag from /opt/airflow/dags/etl_banking_dag.py
[2025-10-08T09:03:32.605+0000] {processor.py:840} INFO - DAG(s) 'etl_banking_dag' retrieved from /opt/airflow/dags/etl_banking_dag.py
[2025-10-08T09:03:32.646+0000] {logging_mixin.py:188} INFO - [2025-10-08T09:03:32.645+0000] {dag.py:3096} INFO - Sync 1 DAGs
[2025-10-08T09:03:32.666+0000] {logging_mixin.py:188} INFO - [2025-10-08T09:03:32.665+0000] {dag.py:3954} INFO - Setting next_dagrun for etl_banking_dag to None, run_after=None
[2025-10-08T09:03:32.708+0000] {processor.py:183} INFO - Processing /opt/airflow/dags/etl_banking_dag.py took 0.224 seconds
[2025-10-08T09:04:03.165+0000] {processor.py:161} INFO - Started process (PID=1420) to work on /opt/airflow/dags/etl_banking_dag.py
[2025-10-08T09:04:03.170+0000] {processor.py:830} INFO - Processing file /opt/airflow/dags/etl_banking_dag.py for tasks to queue
[2025-10-08T09:04:03.176+0000] {logging_mixin.py:188} INFO - [2025-10-08T09:04:03.175+0000] {dagbag.py:545} INFO - Filling up the DagBag from /opt/airflow/dags/etl_banking_dag.py
[2025-10-08T09:04:03.262+0000] {processor.py:840} INFO - DAG(s) 'etl_banking_dag' retrieved from /opt/airflow/dags/etl_banking_dag.py
[2025-10-08T09:04:03.293+0000] {logging_mixin.py:188} INFO - [2025-10-08T09:04:03.292+0000] {dag.py:3096} INFO - Sync 1 DAGs
[2025-10-08T09:04:03.318+0000] {logging_mixin.py:188} INFO - [2025-10-08T09:04:03.317+0000] {dag.py:3954} INFO - Setting next_dagrun for etl_banking_dag to None, run_after=None
[2025-10-08T09:04:03.355+0000] {processor.py:183} INFO - Processing /opt/airflow/dags/etl_banking_dag.py took 0.212 seconds
