[2025-10-08T08:55:37.573+0000] {local_task_job_runner.py:120} INFO - ::group::Pre task execution logs
[2025-10-08T08:55:37.622+0000] {taskinstance.py:2076} INFO - Dependencies all met for dep_context=non-requeueable deps ti=<TaskInstance: etl_banking_dag.run_etl_js manual__2025-10-08T08:55:17.421730+00:00 [queued]>
[2025-10-08T08:55:37.641+0000] {taskinstance.py:2076} INFO - Dependencies all met for dep_context=requeueable deps ti=<TaskInstance: etl_banking_dag.run_etl_js manual__2025-10-08T08:55:17.421730+00:00 [queued]>
[2025-10-08T08:55:37.644+0000] {taskinstance.py:2306} INFO - Starting attempt 1 of 1
[2025-10-08T08:55:37.667+0000] {taskinstance.py:2330} INFO - Executing <Task(DockerOperator): run_etl_js> on 2025-10-08 08:55:17.421730+00:00
[2025-10-08T08:55:37.682+0000] {warnings.py:112} WARNING - /home/***/.local/lib/python3.12/site-packages/***/task/task_runner/standard_task_runner.py:61: DeprecationWarning: This process (pid=115) is multi-threaded, use of fork() may lead to deadlocks in the child.
  pid = os.fork()

[2025-10-08T08:55:37.698+0000] {standard_task_runner.py:63} INFO - Started process 118 to run task
[2025-10-08T08:55:37.698+0000] {standard_task_runner.py:90} INFO - Running: ['***', 'tasks', 'run', 'etl_banking_dag', 'run_etl_js', 'manual__2025-10-08T08:55:17.421730+00:00', '--job-id', '12', '--raw', '--subdir', 'DAGS_FOLDER/etl_banking_dag.py', '--cfg-path', '/tmp/tmpr5g5wyp3']
[2025-10-08T08:55:37.718+0000] {standard_task_runner.py:91} INFO - Job 12: Subtask run_etl_js
[2025-10-08T08:55:37.910+0000] {task_command.py:426} INFO - Running <TaskInstance: etl_banking_dag.run_etl_js manual__2025-10-08T08:55:17.421730+00:00 [running]> on host b3753ed74898
[2025-10-08T08:55:38.116+0000] {taskinstance.py:2648} INFO - Exporting env vars: AIRFLOW_CTX_DAG_OWNER='***' AIRFLOW_CTX_DAG_ID='etl_banking_dag' AIRFLOW_CTX_TASK_ID='run_etl_js' AIRFLOW_CTX_EXECUTION_DATE='2025-10-08T08:55:17.421730+00:00' AIRFLOW_CTX_TRY_NUMBER='1' AIRFLOW_CTX_DAG_RUN_ID='manual__2025-10-08T08:55:17.421730+00:00'
[2025-10-08T08:55:38.120+0000] {taskinstance.py:430} INFO - ::endgroup::
[2025-10-08T08:55:38.294+0000] {docker.py:366} INFO - Starting docker container from image etl-mysql:latest
[2025-10-08T08:55:38.323+0000] {docker.py:374} WARNING - Using remote engine or docker-in-docker and mounting temporary volume from host is not supported. Falling back to `mount_tmp_dir=False` mode. You can set `mount_tmp_dir` parameter to False to disable mounting and remove the warning
[2025-10-08T08:55:38.965+0000] {docker.py:436} INFO - --- Starting Banking ETL Process ---
Phase 1: Extracting data...
[2025-10-08T08:55:39.013+0000] {docker.py:436} INFO - Transforming and Loading data
Clearing destination tables...
[2025-10-08T08:55:39.101+0000] {docker.py:436} INFO - Loading Dimensions...
[2025-10-08T08:55:39.242+0000] {docker.py:436} INFO - Loading Fact Tables...
[2025-10-08T08:55:39.395+0000] {docker.py:436} INFO - --- Banking ETL Process Completed Successfully ---
[2025-10-08T08:55:39.396+0000] {docker.py:436} INFO - All database connections closed.
[2025-10-08T08:55:39.704+0000] {taskinstance.py:441} INFO - ::group::Post task execution logs
[2025-10-08T08:55:39.756+0000] {taskinstance.py:1206} INFO - Marking task as SUCCESS. dag_id=etl_banking_dag, task_id=run_etl_js, run_id=manual__2025-10-08T08:55:17.421730+00:00, execution_date=20251008T085517, start_date=20251008T085537, end_date=20251008T085539
[2025-10-08T08:55:39.812+0000] {local_task_job_runner.py:240} INFO - Task exited with return code 0
[2025-10-08T08:55:39.849+0000] {taskinstance.py:3503} INFO - 0 downstream tasks scheduled from follow-on schedule check
[2025-10-08T08:55:39.856+0000] {local_task_job_runner.py:222} INFO - ::endgroup::
