[2025-10-08T08:55:32.468+0000] {local_task_job_runner.py:120} INFO - ::group::Pre task execution logs
[2025-10-08T08:55:32.513+0000] {taskinstance.py:2076} INFO - Dependencies all met for dep_context=non-requeueable deps ti=<TaskInstance: etl_banking_dag.run_seed_js manual__2025-10-08T08:55:17.421730+00:00 [queued]>
[2025-10-08T08:55:32.528+0000] {taskinstance.py:2076} INFO - Dependencies all met for dep_context=requeueable deps ti=<TaskInstance: etl_banking_dag.run_seed_js manual__2025-10-08T08:55:17.421730+00:00 [queued]>
[2025-10-08T08:55:32.529+0000] {taskinstance.py:2306} INFO - Starting attempt 1 of 1
[2025-10-08T08:55:32.553+0000] {taskinstance.py:2330} INFO - Executing <Task(DockerOperator): run_seed_js> on 2025-10-08 08:55:17.421730+00:00
[2025-10-08T08:55:32.568+0000] {warnings.py:112} WARNING - /home/***/.local/lib/python3.12/site-packages/***/task/task_runner/standard_task_runner.py:61: DeprecationWarning: This process (pid=110) is multi-threaded, use of fork() may lead to deadlocks in the child.
  pid = os.fork()

[2025-10-08T08:55:32.572+0000] {standard_task_runner.py:63} INFO - Started process 113 to run task
[2025-10-08T08:55:32.572+0000] {standard_task_runner.py:90} INFO - Running: ['***', 'tasks', 'run', 'etl_banking_dag', 'run_seed_js', 'manual__2025-10-08T08:55:17.421730+00:00', '--job-id', '10', '--raw', '--subdir', 'DAGS_FOLDER/etl_banking_dag.py', '--cfg-path', '/tmp/tmp2n7d4_8y']
[2025-10-08T08:55:32.577+0000] {standard_task_runner.py:91} INFO - Job 10: Subtask run_seed_js
[2025-10-08T08:55:32.696+0000] {task_command.py:426} INFO - Running <TaskInstance: etl_banking_dag.run_seed_js manual__2025-10-08T08:55:17.421730+00:00 [running]> on host b3753ed74898
[2025-10-08T08:55:32.804+0000] {taskinstance.py:2648} INFO - Exporting env vars: AIRFLOW_CTX_DAG_OWNER='***' AIRFLOW_CTX_DAG_ID='etl_banking_dag' AIRFLOW_CTX_TASK_ID='run_seed_js' AIRFLOW_CTX_EXECUTION_DATE='2025-10-08T08:55:17.421730+00:00' AIRFLOW_CTX_TRY_NUMBER='1' AIRFLOW_CTX_DAG_RUN_ID='manual__2025-10-08T08:55:17.421730+00:00'
[2025-10-08T08:55:32.807+0000] {taskinstance.py:430} INFO - ::endgroup::
[2025-10-08T08:55:32.908+0000] {docker.py:366} INFO - Starting docker container from image etl-mysql:latest
[2025-10-08T08:55:32.923+0000] {docker.py:374} WARNING - Using remote engine or docker-in-docker and mounting temporary volume from host is not supported. Falling back to `mount_tmp_dir=False` mode. You can set `mount_tmp_dir` parameter to False to disable mounting and remove the warning
[2025-10-08T08:55:33.505+0000] {docker.py:436} INFO - Connected to db_source for seeding.
[2025-10-08T08:55:33.684+0000] {docker.py:436} INFO - Sample banking data has been inserted into db_source.
[2025-10-08T08:55:33.685+0000] {docker.py:436} INFO - Seeding connection closed.
[2025-10-08T08:55:33.945+0000] {taskinstance.py:441} INFO - ::group::Post task execution logs
[2025-10-08T08:55:33.985+0000] {taskinstance.py:1206} INFO - Marking task as SUCCESS. dag_id=etl_banking_dag, task_id=run_seed_js, run_id=manual__2025-10-08T08:55:17.421730+00:00, execution_date=20251008T085517, start_date=20251008T085532, end_date=20251008T085533
[2025-10-08T08:55:34.035+0000] {local_task_job_runner.py:240} INFO - Task exited with return code 0
[2025-10-08T08:55:34.064+0000] {taskinstance.py:3503} INFO - 1 downstream tasks scheduled from follow-on schedule check
[2025-10-08T08:55:34.066+0000] {local_task_job_runner.py:222} INFO - ::endgroup::
