[2025-10-08T08:55:25.225+0000] {local_task_job_runner.py:120} INFO - ::group::Pre task execution logs
[2025-10-08T08:55:25.261+0000] {taskinstance.py:2076} INFO - Dependencies all met for dep_context=non-requeueable deps ti=<TaskInstance: etl_banking_dag.run_schema_js manual__2025-10-08T08:55:17.421730+00:00 [queued]>
[2025-10-08T08:55:25.270+0000] {taskinstance.py:2076} INFO - Dependencies all met for dep_context=requeueable deps ti=<TaskInstance: etl_banking_dag.run_schema_js manual__2025-10-08T08:55:17.421730+00:00 [queued]>
[2025-10-08T08:55:25.271+0000] {taskinstance.py:2306} INFO - Starting attempt 1 of 1
[2025-10-08T08:55:25.293+0000] {taskinstance.py:2330} INFO - Executing <Task(DockerOperator): run_schema_js> on 2025-10-08 08:55:17.421730+00:00
[2025-10-08T08:55:25.309+0000] {warnings.py:112} WARNING - /home/***/.local/lib/python3.12/site-packages/***/task/task_runner/standard_task_runner.py:61: DeprecationWarning: This process (pid=104) is multi-threaded, use of fork() may lead to deadlocks in the child.
  pid = os.fork()

[2025-10-08T08:55:25.316+0000] {standard_task_runner.py:63} INFO - Started process 109 to run task
[2025-10-08T08:55:25.322+0000] {standard_task_runner.py:90} INFO - Running: ['***', 'tasks', 'run', 'etl_banking_dag', 'run_schema_js', 'manual__2025-10-08T08:55:17.421730+00:00', '--job-id', '9', '--raw', '--subdir', 'DAGS_FOLDER/etl_banking_dag.py', '--cfg-path', '/tmp/tmpdvxd70kw']
[2025-10-08T08:55:25.335+0000] {standard_task_runner.py:91} INFO - Job 9: Subtask run_schema_js
[2025-10-08T08:55:25.707+0000] {task_command.py:426} INFO - Running <TaskInstance: etl_banking_dag.run_schema_js manual__2025-10-08T08:55:17.421730+00:00 [running]> on host b3753ed74898
[2025-10-08T08:55:26.015+0000] {taskinstance.py:2648} INFO - Exporting env vars: AIRFLOW_CTX_DAG_OWNER='***' AIRFLOW_CTX_DAG_ID='etl_banking_dag' AIRFLOW_CTX_TASK_ID='run_schema_js' AIRFLOW_CTX_EXECUTION_DATE='2025-10-08T08:55:17.421730+00:00' AIRFLOW_CTX_TRY_NUMBER='1' AIRFLOW_CTX_DAG_RUN_ID='manual__2025-10-08T08:55:17.421730+00:00'
[2025-10-08T08:55:26.032+0000] {taskinstance.py:430} INFO - ::endgroup::
[2025-10-08T08:55:26.296+0000] {docker.py:366} INFO - Starting docker container from image etl-mysql:latest
[2025-10-08T08:55:26.517+0000] {docker.py:374} WARNING - Using remote engine or docker-in-docker and mounting temporary volume from host is not supported. Falling back to `mount_tmp_dir=False` mode. You can set `mount_tmp_dir` parameter to False to disable mounting and remove the warning
[2025-10-08T08:55:28.789+0000] {docker.py:436} INFO - Connected to MySQL server.
[2025-10-08T08:55:28.986+0000] {docker.py:436} INFO - Error setting up databases: Can't create database 'db_source'; database exists
[2025-10-08T08:55:28.988+0000] {docker.py:436} INFO - Setup connection closed.
[2025-10-08T08:55:29.467+0000] {taskinstance.py:441} INFO - ::group::Post task execution logs
[2025-10-08T08:55:29.560+0000] {taskinstance.py:1206} INFO - Marking task as SUCCESS. dag_id=etl_banking_dag, task_id=run_schema_js, run_id=manual__2025-10-08T08:55:17.421730+00:00, execution_date=20251008T085517, start_date=20251008T085525, end_date=20251008T085529
[2025-10-08T08:55:29.655+0000] {local_task_job_runner.py:240} INFO - Task exited with return code 0
[2025-10-08T08:55:29.733+0000] {taskinstance.py:3503} INFO - 1 downstream tasks scheduled from follow-on schedule check
[2025-10-08T08:55:29.737+0000] {local_task_job_runner.py:222} INFO - ::endgroup::
